2024-06-01T19:25:33.676Z [Modules] Modules initializing
2024-06-01T19:25:33.676Z [Modules] Distribution: remote
2024-06-01T19:25:33.676Z [Modules] Host updates: enabled
2024-06-01T19:25:33.676Z [Modules] Module updates: enabled
2024-06-01T19:25:33.676Z [Modules] Module install path: /home/cv-rishi/.config/discord/0.0.54/modules
2024-06-01T19:25:33.676Z [Modules] Module installed file path: /home/cv-rishi/.config/discord/0.0.54/modules/installed.json
2024-06-01T19:25:33.676Z [Modules] Module download path: /home/cv-rishi/.config/discord/0.0.54/modules/pending
2024-06-01T19:25:33.934Z [Modules] Bootstrapping...
2024-06-01T19:25:33.934Z [Modules] Installing discord_desktop_core@0 from /usr/share/discord/resources/bootstrap/discord_desktop_core.zip
2024-06-01T19:25:33.936Z [Modules] Failed installing discord_desktop_core@0: Error: ENOENT: no such file or directory, open '/usr/share/discord/resources/bootstrap/discord_desktop_core.zip'
2024-06-01T19:25:33.936Z [Modules] Installing discord_erlpack@0 from /usr/share/discord/resources/bootstrap/discord_erlpack.zip
2024-06-01T19:25:33.937Z [Modules] Failed installing discord_erlpack@0: Error: ENOENT: no such file or directory, open '/usr/share/discord/resources/bootstrap/discord_erlpack.zip'
2024-06-01T19:25:33.937Z [Modules] Installing discord_spellcheck@0 from /usr/share/discord/resources/bootstrap/discord_spellcheck.zip
2024-06-01T19:25:33.938Z [Modules] Failed installing discord_spellcheck@0: Error: ENOENT: no such file or directory, open '/usr/share/discord/resources/bootstrap/discord_spellcheck.zip'
2024-06-01T19:25:33.938Z [Modules] Installing discord_utils@0 from /usr/share/discord/resources/bootstrap/discord_utils.zip
2024-06-01T19:25:33.938Z [Modules] Failed installing discord_utils@0: Error: ENOENT: no such file or directory, open '/usr/share/discord/resources/bootstrap/discord_utils.zip'
2024-06-01T19:25:33.939Z [Modules] Installing discord_voice@0 from /usr/share/discord/resources/bootstrap/discord_voice.zip
2024-06-01T19:25:33.939Z [Modules] Failed installing discord_voice@0: Error: ENOENT: no such file or directory, open '/usr/share/discord/resources/bootstrap/discord_voice.zip'
2024-06-01T19:25:33.939Z [Modules] Installing discord_zstd@0 from /usr/share/discord/resources/bootstrap/discord_zstd.zip
2024-06-01T19:25:33.939Z [Modules] Failed installing discord_zstd@0: Error: ENOENT: no such file or directory, open '/usr/share/discord/resources/bootstrap/discord_zstd.zip'
2024-06-01T19:25:33.940Z [Modules] Finished module installations. [success: 0] [failure: 6]
2024-06-01T19:25:33.940Z [Modules] Checking for host updates.
2024-06-01T19:25:34.481Z [Modules] Host is up to date.
2024-06-01T19:25:34.481Z [Modules] Checking for module updates at https://discord.com/api/modules/stable/versions.json
2024-06-01T19:25:34.541Z [Modules] Module update available: discord_desktop_core@1 [installed: 0]
2024-06-01T19:25:34.541Z [Modules] Module update available: discord_erlpack@1 [installed: 0]
2024-06-01T19:25:34.542Z [Modules] Module update available: discord_spellcheck@1 [installed: 0]
2024-06-01T19:25:34.542Z [Modules] Module update available: discord_utils@1 [installed: 0]
2024-06-01T19:25:34.542Z [Modules] Module update available: discord_voice@3 [installed: 0]
2024-06-01T19:25:34.542Z [Modules] Module update available: discord_zstd@1 [installed: 0]
2024-06-01T19:25:34.542Z [Modules] Fetching discord_desktop_core@1 from https://discord.com/api/modules/stable/discord_desktop_core/1
2024-06-01T19:25:34.543Z [Modules] Streaming discord_desktop_core@1 to /home/cv-rishi/.config/discord/0.0.54/modules/pending/discord_desktop_core-1.zip
2024-06-01T19:25:35.766Z [Modules] Streaming discord_desktop_core@1 to /home/cv-rishi/.config/discord/0.0.54/modules/pending/discord_desktop_core-1.zip: 1%
2024-06-01T19:25:35.911Z [Modules] Streaming discord_desktop_core@1 to /home/cv-rishi/.config/discord/0.0.54/modules/pending/discord_desktop_core-1.zip: 2%
2024-06-01T19:25:35.924Z [Modules] Streaming discord_desktop_core@1 to /home/cv-rishi/.config/discord/0.0.54/modules/pending/discord_desktop_core-1.zip: 4%
2024-06-01T19:25:35.980Z [Modules] Streaming discord_desktop_core@1 to /home/cv-rishi/.config/discord/0.0.54/modules/pending/discord_desktop_core-1.zip: 5%
2024-06-01T19:25:35.990Z [Modules] Streaming discord_desktop_core@1 to /home/cv-rishi/.config/discord/0.0.54/modules/pending/discord_desktop_core-1.zip: 6%
2024-06-01T19:25:36.002Z [Modules] Streaming discord_desktop_core@1 to /home/cv-rishi/.config/discord/0.0.54/modules/pending/discord_desktop_core-1.zip: 7%
2024-06-01T19:25:36.038Z [Modules] Streaming discord_desktop_core@1 to /home/cv-rishi/.config/discord/0.0.54/modules/pending/discord_desktop_core-1.zip: 8%
2024-06-01T19:25:36.056Z [Modules] Streaming discord_desktop_core@1 to /home/cv-rishi/.config/discord/0.0.54/modules/pending/discord_desktop_core-1.zip: 9%
2024-06-01T19:25:36.071Z [Modules] Streaming discord_desktop_core@1 to /home/cv-rishi/.config/discord/0.0.54/modules/pending/discord_desktop_core-1.zip: 10%
2024-06-01T19:25:36.080Z [Modules] Streaming discord_desktop_core@1 to /home/cv-rishi/.config/discord/0.0.54/modules/pending/discord_desktop_core-1.zip: 11%
2024-06-01T19:25:36.095Z [Modules] Streaming discord_desktop_core@1 to /home/cv-rishi/.config/discord/0.0.54/modules/pending/discord_desktop_core-1.zip: 12%
2024-06-01T19:25:36.104Z [Modules] Streaming discord_desktop_core@1 to /home/cv-rishi/.config/discord/0.0.54/modules/pending/discord_desktop_core-1.zip: 13%
2024-06-01T19:25:36.109Z [Modules] Streaming discord_desktop_core@1 to /home/cv-rishi/.config/discord/0.0.54/modules/pending/discord_desktop_core-1.zip: 14%
2024-06-01T19:25:36.122Z [Modules] Streaming discord_desktop_core@1 to /home/cv-rishi/.config/discord/0.0.54/modules/pending/discord_desktop_core-1.zip: 15%
2024-06-01T19:25:36.127Z [Modules] Streaming discord_desktop_core@1 to /home/cv-rishi/.config/discord/0.0.54/modules/pending/discord_desktop_core-1.zip: 16%
2024-06-01T19:25:36.133Z [Modules] Streaming discord_desktop_core@1 to /home/cv-rishi/.config/discord/0.0.54/modules/pending/discord_desktop_core-1.zip: 17%
2024-06-01T19:25:36.143Z [Modules] Streaming discord_desktop_core@1 to /home/cv-rishi/.config/discord/0.0.54/modules/pending/discord_desktop_core-1.zip: 18%
2024-06-01T19:25:36.149Z [Modules] Streaming discord_desktop_core@1 to /home/cv-rishi/.config/discord/0.0.54/modules/pending/discord_desktop_core-1.zip: 19%
2024-06-01T19:25:36.159Z [Modules] Streaming discord_desktop_core@1 to /home/cv-rishi/.config/discord/0.0.54/modules/pending/discord_desktop_core-1.zip: 20%
2024-06-01T19:25:36.164Z [Modules] Streaming discord_desktop_core@1 to /home/cv-rishi/.config/discord/0.0.54/modules/pending/discord_desktop_core-1.zip: 21%
2024-06-01T19:25:36.168Z [Modules] Streaming discord_desktop_core@1 to /home/cv-rishi/.config/discord/0.0.54/modules/pending/discord_desktop_core-1.zip: 22%
2024-06-01T19:25:36.177Z [Modules] Streaming discord_desktop_core@1 to /home/cv-rishi/.config/discord/0.0.54/modules/pending/discord_desktop_core-1.zip: 23%
2024-06-01T19:25:36.179Z [Modules] Streaming discord_desktop_core@1 to /home/cv-rishi/.config/discord/0.0.54/modules/pending/discord_desktop_core-1.zip: 24%
2024-06-01T19:25:36.182Z [Modules] Streaming discord_desktop_core@1 to /home/cv-rishi/.config/discord/0.0.54/modules/pending/discord_desktop_core-1.zip: 25%
2024-06-01T19:25:36.189Z [Modules] Streaming discord_desktop_core@1 to /home/cv-rishi/.config/discord/0.0.54/modules/pending/discord_desktop_core-1.zip: 26%
2024-06-01T19:25:36.191Z [Modules] Streaming discord_desktop_core@1 to /home/cv-rishi/.config/discord/0.0.54/modules/pending/discord_desktop_core-1.zip: 27%
2024-06-01T19:25:36.196Z [Modules] Streaming discord_desktop_core@1 to /home/cv-rishi/.config/discord/0.0.54/modules/pending/discord_desktop_core-1.zip: 28%
2024-06-01T19:25:36.199Z [Modules] Streaming discord_desktop_core@1 to /home/cv-rishi/.config/discord/0.0.54/modules/pending/discord_desktop_core-1.zip: 29%
2024-06-01T19:25:36.202Z [Modules] Streaming discord_desktop_core@1 to /home/cv-rishi/.config/discord/0.0.54/modules/pending/discord_desktop_core-1.zip: 30%
2024-06-01T19:25:36.204Z [Modules] Streaming discord_desktop_core@1 to /home/cv-rishi/.config/discord/0.0.54/modules/pending/discord_desktop_core-1.zip: 31%
2024-06-01T19:25:36.211Z [Modules] Streaming discord_desktop_core@1 to /home/cv-rishi/.config/discord/0.0.54/modules/pending/discord_desktop_core-1.zip: 33%
2024-06-01T19:25:36.214Z [Modules] Streaming discord_desktop_core@1 to /home/cv-rishi/.config/discord/0.0.54/modules/pending/discord_desktop_core-1.zip: 34%
2024-06-01T19:25:36.218Z [Modules] Streaming discord_desktop_core@1 to /home/cv-rishi/.config/discord/0.0.54/modules/pending/discord_desktop_core-1.zip: 35%
2024-06-01T19:25:36.220Z [Modules] Streaming discord_desktop_core@1 to /home/cv-rishi/.config/discord/0.0.54/modules/pending/discord_desktop_core-1.zip: 36%
2024-06-01T19:25:36.223Z [Modules] Streaming discord_desktop_core@1 to /home/cv-rishi/.config/discord/0.0.54/modules/pending/discord_desktop_core-1.zip: 37%
2024-06-01T19:25:36.227Z [Modules] Streaming discord_desktop_core@1 to /home/cv-rishi/.config/discord/0.0.54/modules/pending/discord_desktop_core-1.zip: 38%
2024-06-01T19:25:36.228Z [Modules] Streaming discord_desktop_core@1 to /home/cv-rishi/.config/discord/0.0.54/modules/pending/discord_desktop_core-1.zip: 39%
2024-06-01T19:25:36.236Z [Modules] Streaming discord_desktop_core@1 to /home/cv-rishi/.config/discord/0.0.54/modules/pending/discord_desktop_core-1.zip: 41%
2024-06-01T19:25:36.238Z [Modules] Streaming discord_desktop_core@1 to /home/cv-rishi/.config/discord/0.0.54/modules/pending/discord_desktop_core-1.zip: 42%
2024-06-01T19:25:36.244Z [Modules] Streaming discord_desktop_core@1 to /home/cv-rishi/.config/discord/0.0.54/modules/pending/discord_desktop_core-1.zip: 44%
2024-06-01T19:25:36.246Z [Modules] Streaming discord_desktop_core@1 to /home/cv-rishi/.config/discord/0.0.54/modules/pending/discord_desktop_core-1.zip: 45%
2024-06-01T19:25:36.250Z [Modules] Streaming discord_desktop_core@1 to /home/cv-rishi/.config/discord/0.0.54/modules/pending/discord_desktop_core-1.zip: 46%
2024-06-01T19:25:36.253Z [Modules] Streaming discord_desktop_core@1 to /home/cv-rishi/.config/discord/0.0.54/modules/pending/discord_desktop_core-1.zip: 48%
2024-06-01T19:25:36.258Z [Modules] Streaming discord_desktop_core@1 to /home/cv-rishi/.config/discord/0.0.54/modules/pending/discord_desktop_core-1.zip: 49%
2024-06-01T19:25:36.262Z [Modules] Streaming discord_desktop_core@1 to /home/cv-rishi/.config/discord/0.0.54/modules/pending/discord_desktop_core-1.zip: 52%
2024-06-01T19:25:36.267Z [Modules] Streaming discord_desktop_core@1 to /home/cv-rishi/.config/discord/0.0.54/modules/pending/discord_desktop_core-1.zip: 55%
2024-06-01T19:25:36.273Z [Modules] Streaming discord_desktop_core@1 to /home/cv-rishi/.config/discord/0.0.54/modules/pending/discord_desktop_core-1.zip: 58%
2024-06-01T19:25:36.277Z [Modules] Streaming discord_desktop_core@1 to /home/cv-rishi/.config/discord/0.0.54/modules/pending/discord_desktop_core-1.zip: 59%
2024-06-01T19:25:36.282Z [Modules] Streaming discord_desktop_core@1 to /home/cv-rishi/.config/discord/0.0.54/modules/pending/discord_desktop_core-1.zip: 62%
2024-06-01T19:25:36.284Z [Modules] Streaming discord_desktop_core@1 to /home/cv-rishi/.config/discord/0.0.54/modules/pending/discord_desktop_core-1.zip: 63%
2024-06-01T19:25:36.287Z [Modules] Streaming discord_desktop_core@1 to /home/cv-rishi/.config/discord/0.0.54/modules/pending/discord_desktop_core-1.zip: 65%
2024-06-01T19:25:36.291Z [Modules] Streaming discord_desktop_core@1 to /home/cv-rishi/.config/discord/0.0.54/modules/pending/discord_desktop_core-1.zip: 68%
2024-06-01T19:25:36.295Z [Modules] Streaming discord_desktop_core@1 to /home/cv-rishi/.config/discord/0.0.54/modules/pending/discord_desktop_core-1.zip: 69%
2024-06-01T19:25:36.298Z [Modules] Streaming discord_desktop_core@1 to /home/cv-rishi/.config/discord/0.0.54/modules/pending/discord_desktop_core-1.zip: 71%
2024-06-01T19:25:36.302Z [Modules] Streaming discord_desktop_core@1 to /home/cv-rishi/.config/discord/0.0.54/modules/pending/discord_desktop_core-1.zip: 73%
2024-06-01T19:25:36.307Z [Modules] Streaming discord_desktop_core@1 to /home/cv-rishi/.config/discord/0.0.54/modules/pending/discord_desktop_core-1.zip: 76%
2024-06-01T19:25:36.309Z [Modules] Streaming discord_desktop_core@1 to /home/cv-rishi/.config/discord/0.0.54/modules/pending/discord_desktop_core-1.zip: 77%
2024-06-01T19:25:36.402Z [Modules] Streaming discord_desktop_core@1 to /home/cv-rishi/.config/discord/0.0.54/modules/pending/discord_desktop_core-1.zip: 80%
2024-06-01T19:25:36.406Z [Modules] Streaming discord_desktop_core@1 to /home/cv-rishi/.config/discord/0.0.54/modules/pending/discord_desktop_core-1.zip: 82%
2024-06-01T19:25:36.408Z [Modules] Streaming discord_desktop_core@1 to /home/cv-rishi/.config/discord/0.0.54/modules/pending/discord_desktop_core-1.zip: 84%
2024-06-01T19:25:36.410Z [Modules] Streaming discord_desktop_core@1 to /home/cv-rishi/.config/discord/0.0.54/modules/pending/discord_desktop_core-1.zip: 85%
2024-06-01T19:25:36.413Z [Modules] Streaming discord_desktop_core@1 to /home/cv-rishi/.config/discord/0.0.54/modules/pending/discord_desktop_core-1.zip: 86%
2024-06-01T19:25:36.433Z [Modules] Streaming discord_desktop_core@1 to /home/cv-rishi/.config/discord/0.0.54/modules/pending/discord_desktop_core-1.zip: 89%
2024-06-01T19:25:36.434Z [Modules] Streaming discord_desktop_core@1 to /home/cv-rishi/.config/discord/0.0.54/modules/pending/discord_desktop_core-1.zip: 92%
2024-06-01T19:25:36.436Z [Modules] Streaming discord_desktop_core@1 to /home/cv-rishi/.config/discord/0.0.54/modules/pending/discord_desktop_core-1.zip: 94%
2024-06-01T19:25:36.437Z [Modules] Streaming discord_desktop_core@1 to /home/cv-rishi/.config/discord/0.0.54/modules/pending/discord_desktop_core-1.zip: 96%
2024-06-01T19:25:36.439Z [Modules] Streaming discord_desktop_core@1 to /home/cv-rishi/.config/discord/0.0.54/modules/pending/discord_desktop_core-1.zip: 100%
2024-06-01T19:25:36.441Z [Modules] Fetching discord_erlpack@1 from https://discord.com/api/modules/stable/discord_erlpack/1
2024-06-01T19:25:36.441Z [Modules] Streaming discord_erlpack@1 to /home/cv-rishi/.config/discord/0.0.54/modules/pending/discord_erlpack-1.zip
2024-06-01T19:25:36.969Z [Modules] Streaming discord_erlpack@1 to /home/cv-rishi/.config/discord/0.0.54/modules/pending/discord_erlpack-1.zip: 2%
2024-06-01T19:25:36.973Z [Modules] Streaming discord_erlpack@1 to /home/cv-rishi/.config/discord/0.0.54/modules/pending/discord_erlpack-1.zip: 5%
2024-06-01T19:25:36.976Z [Modules] Streaming discord_erlpack@1 to /home/cv-rishi/.config/discord/0.0.54/modules/pending/discord_erlpack-1.zip: 6%
2024-06-01T19:25:37.070Z [Modules] Streaming discord_erlpack@1 to /home/cv-rishi/.config/discord/0.0.54/modules/pending/discord_erlpack-1.zip: 10%
2024-06-01T19:25:37.073Z [Modules] Streaming discord_erlpack@1 to /home/cv-rishi/.config/discord/0.0.54/modules/pending/discord_erlpack-1.zip: 13%
2024-06-01T19:25:37.076Z [Modules] Streaming discord_erlpack@1 to /home/cv-rishi/.config/discord/0.0.54/modules/pending/discord_erlpack-1.zip: 16%
2024-06-01T19:25:37.080Z [Modules] Streaming discord_erlpack@1 to /home/cv-rishi/.config/discord/0.0.54/modules/pending/discord_erlpack-1.zip: 20%
2024-06-01T19:25:37.083Z [Modules] Streaming discord_erlpack@1 to /home/cv-rishi/.config/discord/0.0.54/modules/pending/discord_erlpack-1.zip: 21%
2024-06-01T19:25:37.087Z [Modules] Streaming discord_erlpack@1 to /home/cv-rishi/.config/discord/0.0.54/modules/pending/discord_erlpack-1.zip: 24%
2024-06-01T19:25:37.089Z [Modules] Streaming discord_erlpack@1 to /home/cv-rishi/.config/discord/0.0.54/modules/pending/discord_erlpack-1.zip: 27%
2024-06-01T19:25:37.093Z [Modules] Streaming discord_erlpack@1 to /home/cv-rishi/.config/discord/0.0.54/modules/pending/discord_erlpack-1.zip: 30%
2024-06-01T19:25:37.105Z [Modules] Streaming discord_erlpack@1 to /home/cv-rishi/.config/discord/0.0.54/modules/pending/discord_erlpack-1.zip: 31%
2024-06-01T19:25:37.110Z [Modules] Streaming discord_erlpack@1 to /home/cv-rishi/.config/discord/0.0.54/modules/pending/discord_erlpack-1.zip: 34%
2024-06-01T19:25:37.114Z [Modules] Streaming discord_erlpack@1 to /home/cv-rishi/.config/discord/0.0.54/modules/pending/discord_erlpack-1.zip: 37%
2024-06-01T19:25:37.118Z [Modules] Streaming discord_erlpack@1 to /home/cv-rishi/.config/discord/0.0.54/modules/pending/discord_erlpack-1.zip: 40%
2024-06-01T19:25:37.124Z [Modules] Streaming discord_erlpack@1 to /home/cv-rishi/.config/discord/0.0.54/modules/pending/discord_erlpack-1.zip: 43%
2024-06-01T19:25:37.137Z [Modules] Streaming discord_erlpack@1 to /home/cv-rishi/.config/discord/0.0.54/modules/pending/discord_erlpack-1.zip: 45%
2024-06-01T19:25:37.138Z [Modules] Streaming discord_erlpack@1 to /home/cv-rishi/.config/discord/0.0.54/modules/pending/discord_erlpack-1.zip: 47%
2024-06-01T19:25:37.141Z [Modules] Streaming discord_erlpack@1 to /home/cv-rishi/.config/discord/0.0.54/modules/pending/discord_erlpack-1.zip: 50%
2024-06-01T19:25:37.146Z [Modules] Streaming discord_erlpack@1 to /home/cv-rishi/.config/discord/0.0.54/modules/pending/discord_erlpack-1.zip: 53%
2024-06-01T19:25:37.150Z [Modules] Streaming discord_erlpack@1 to /home/cv-rishi/.config/discord/0.0.54/modules/pending/discord_erlpack-1.zip: 56%
2024-06-01T19:25:37.152Z [Modules] Streaming discord_erlpack@1 to /home/cv-rishi/.config/discord/0.0.54/modules/pending/discord_erlpack-1.zip: 59%
2024-06-01T19:25:37.251Z [Modules] Streaming discord_erlpack@1 to /home/cv-rishi/.config/discord/0.0.54/modules/pending/discord_erlpack-1.zip: 63%
2024-06-01T19:25:37.252Z [Modules] Streaming discord_erlpack@1 to /home/cv-rishi/.config/discord/0.0.54/modules/pending/discord_erlpack-1.zip: 69%
2024-06-01T19:25:37.254Z [Modules] Streaming discord_erlpack@1 to /home/cv-rishi/.config/discord/0.0.54/modules/pending/discord_erlpack-1.zip: 72%
2024-06-01T19:25:37.255Z [Modules] Streaming discord_erlpack@1 to /home/cv-rishi/.config/discord/0.0.54/modules/pending/discord_erlpack-1.zip: 75%
2024-06-01T19:25:37.257Z [Modules] Streaming discord_erlpack@1 to /home/cv-rishi/.config/discord/0.0.54/modules/pending/discord_erlpack-1.zip: 78%
2024-06-01T19:25:37.259Z [Modules] Streaming discord_erlpack@1 to /home/cv-rishi/.config/discord/0.0.54/modules/pending/discord_erlpack-1.zip: 86%
2024-06-01T19:25:37.261Z [Modules] Streaming discord_erlpack@1 to /home/cv-rishi/.config/discord/0.0.54/modules/pending/discord_erlpack-1.zip: 89%
2024-06-01T19:25:37.262Z [Modules] Streaming discord_erlpack@1 to /home/cv-rishi/.config/discord/0.0.54/modules/pending/discord_erlpack-1.zip: 91%
2024-06-01T19:25:37.356Z [Modules] Streaming discord_erlpack@1 to /home/cv-rishi/.config/discord/0.0.54/modules/pending/discord_erlpack-1.zip: 94%
2024-06-01T19:25:37.357Z [Modules] Streaming discord_erlpack@1 to /home/cv-rishi/.config/discord/0.0.54/modules/pending/discord_erlpack-1.zip: 100%
2024-06-01T19:25:37.359Z [Modules] Fetching discord_spellcheck@1 from https://discord.com/api/modules/stable/discord_spellcheck/1
2024-06-01T19:25:37.359Z [Modules] Streaming discord_spellcheck@1 to /home/cv-rishi/.config/discord/0.0.54/modules/pending/discord_spellcheck-1.zip
2024-06-01T19:25:37.897Z [Modules] Streaming discord_spellcheck@1 to /home/cv-rishi/.config/discord/0.0.54/modules/pending/discord_spellcheck-1.zip: 1%
2024-06-01T19:25:37.996Z [Modules] Streaming discord_spellcheck@1 to /home/cv-rishi/.config/discord/0.0.54/modules/pending/discord_spellcheck-1.zip: 2%
2024-06-01T19:25:38.001Z [Modules] Streaming discord_spellcheck@1 to /home/cv-rishi/.config/discord/0.0.54/modules/pending/discord_spellcheck-1.zip: 3%
2024-06-01T19:25:38.007Z [Modules] Streaming discord_spellcheck@1 to /home/cv-rishi/.config/discord/0.0.54/modules/pending/discord_spellcheck-1.zip: 4%
2024-06-01T19:25:38.011Z [Modules] Streaming discord_spellcheck@1 to /home/cv-rishi/.config/discord/0.0.54/modules/pending/discord_spellcheck-1.zip: 5%
2024-06-01T19:25:38.018Z [Modules] Streaming discord_spellcheck@1 to /home/cv-rishi/.config/discord/0.0.54/modules/pending/discord_spellcheck-1.zip: 6%
2024-06-01T19:25:38.036Z [Modules] Streaming discord_spellcheck@1 to /home/cv-rishi/.config/discord/0.0.54/modules/pending/discord_spellcheck-1.zip: 7%
2024-06-01T19:25:38.133Z [Modules] Streaming discord_spellcheck@1 to /home/cv-rishi/.config/discord/0.0.54/modules/pending/discord_spellcheck-1.zip: 8%
2024-06-01T19:25:38.136Z [Modules] Streaming discord_spellcheck@1 to /home/cv-rishi/.config/discord/0.0.54/modules/pending/discord_spellcheck-1.zip: 9%
2024-06-01T19:25:38.139Z [Modules] Streaming discord_spellcheck@1 to /home/cv-rishi/.config/discord/0.0.54/modules/pending/discord_spellcheck-1.zip: 10%
2024-06-01T19:25:38.142Z [Modules] Streaming discord_spellcheck@1 to /home/cv-rishi/.config/discord/0.0.54/modules/pending/discord_spellcheck-1.zip: 11%
2024-06-01T19:25:38.239Z [Modules] Streaming discord_spellcheck@1 to /home/cv-rishi/.config/discord/0.0.54/modules/pending/discord_spellcheck-1.zip: 12%
2024-06-01T19:25:38.242Z [Modules] Streaming discord_spellcheck@1 to /home/cv-rishi/.config/discord/0.0.54/modules/pending/discord_spellcheck-1.zip: 13%
2024-06-01T19:25:38.243Z [Modules] Streaming discord_spellcheck@1 to /home/cv-rishi/.config/discord/0.0.54/modules/pending/discord_spellcheck-1.zip: 15%
2024-06-01T19:25:38.244Z [Modules] Streaming discord_spellcheck@1 to /home/cv-rishi/.config/discord/0.0.54/modules/pending/discord_spellcheck-1.zip: 16%
2024-06-01T19:25:38.245Z [Modules] Streaming discord_spellcheck@1 to /home/cv-rishi/.config/discord/0.0.54/modules/pending/discord_spellcheck-1.zip: 18%
2024-06-01T19:25:38.245Z [Modules] Streaming discord_spellcheck@1 to /home/cv-rishi/.config/discord/0.0.54/modules/pending/discord_spellcheck-1.zip: 20%
2024-06-01T19:25:38.247Z [Modules] Streaming discord_spellcheck@1 to /home/cv-rishi/.config/discord/0.0.54/modules/pending/discord_spellcheck-1.zip: 24%
2024-06-01T19:25:38.311Z [Modules] Streaming discord_spellcheck@1 to /home/cv-rishi/.config/discord/0.0.54/modules/pending/discord_spellcheck-1.zip: 25%
2024-06-01T19:25:38.317Z [Modules] Streaming discord_spellcheck@1 to /home/cv-rishi/.config/discord/0.0.54/modules/pending/discord_spellcheck-1.zip: 26%
2024-06-01T19:25:38.417Z [Modules] Streaming discord_spellcheck@1 to /home/cv-rishi/.config/discord/0.0.54/modules/pending/discord_spellcheck-1.zip: 27%
2024-06-01T19:25:38.421Z [Modules] Streaming discord_spellcheck@1 to /home/cv-rishi/.config/discord/0.0.54/modules/pending/discord_spellcheck-1.zip: 28%
2024-06-01T19:25:38.518Z [Modules] Streaming discord_spellcheck@1 to /home/cv-rishi/.config/discord/0.0.54/modules/pending/discord_spellcheck-1.zip: 29%
2024-06-01T19:25:38.520Z [Modules] Streaming discord_spellcheck@1 to /home/cv-rishi/.config/discord/0.0.54/modules/pending/discord_spellcheck-1.zip: 30%
2024-06-01T19:25:38.521Z [Modules] Streaming discord_spellcheck@1 to /home/cv-rishi/.config/discord/0.0.54/modules/pending/discord_spellcheck-1.zip: 31%
2024-06-01T19:25:38.521Z [Modules] Streaming discord_spellcheck@1 to /home/cv-rishi/.config/discord/0.0.54/modules/pending/discord_spellcheck-1.zip: 32%
2024-06-01T19:25:38.522Z [Modules] Streaming discord_spellcheck@1 to /home/cv-rishi/.config/discord/0.0.54/modules/pending/discord_spellcheck-1.zip: 33%
2024-06-01T19:25:38.557Z [Modules] Streaming discord_spellcheck@1 to /home/cv-rishi/.config/discord/0.0.54/modules/pending/discord_spellcheck-1.zip: 34%
2024-06-01T19:25:38.558Z [Modules] Streaming discord_spellcheck@1 to /home/cv-rishi/.config/discord/0.0.54/modules/pending/discord_spellcheck-1.zip: 35%
2024-06-01T19:25:38.563Z [Modules] Streaming discord_spellcheck@1 to /home/cv-rishi/.config/discord/0.0.54/modules/pending/discord_spellcheck-1.zip: 36%
2024-06-01T19:25:38.659Z [Modules] Streaming discord_spellcheck@1 to /home/cv-rishi/.config/discord/0.0.54/modules/pending/discord_spellcheck-1.zip: 37%
2024-06-01T19:25:38.660Z [Modules] Streaming discord_spellcheck@1 to /home/cv-rishi/.config/discord/0.0.54/modules/pending/discord_spellcheck-1.zip: 38%
2024-06-01T19:25:38.661Z [Modules] Streaming discord_spellcheck@1 to /home/cv-rishi/.config/discord/0.0.54/modules/pending/discord_spellcheck-1.zip: 39%
2024-06-01T19:25:38.662Z [Modules] Streaming discord_spellcheck@1 to /home/cv-rishi/.config/discord/0.0.54/modules/pending/discord_spellcheck-1.zip: 40%
2024-06-01T19:25:38.663Z [Modules] Streaming discord_spellcheck@1 to /home/cv-rishi/.config/discord/0.0.54/modules/pending/discord_spellcheck-1.zip: 41%
2024-06-01T19:25:38.664Z [Modules] Streaming discord_spellcheck@1 to /home/cv-rishi/.config/discord/0.0.54/modules/pending/discord_spellcheck-1.zip: 42%
2024-06-01T19:25:38.664Z [Modules] Streaming discord_spellcheck@1 to /home/cv-rishi/.config/discord/0.0.54/modules/pending/discord_spellcheck-1.zip: 43%
2024-06-01T19:25:38.706Z [Modules] Streaming discord_spellcheck@1 to /home/cv-rishi/.config/discord/0.0.54/modules/pending/discord_spellcheck-1.zip: 44%
2024-06-01T19:25:38.711Z [Modules] Streaming discord_spellcheck@1 to /home/cv-rishi/.config/discord/0.0.54/modules/pending/discord_spellcheck-1.zip: 45%
2024-06-01T19:25:38.807Z [Modules] Streaming discord_spellcheck@1 to /home/cv-rishi/.config/discord/0.0.54/modules/pending/discord_spellcheck-1.zip: 46%
2024-06-01T19:25:38.809Z [Modules] Streaming discord_spellcheck@1 to /home/cv-rishi/.config/discord/0.0.54/modules/pending/discord_spellcheck-1.zip: 47%
2024-06-01T19:25:38.812Z [Modules] Streaming discord_spellcheck@1 to /home/cv-rishi/.config/discord/0.0.54/modules/pending/discord_spellcheck-1.zip: 48%
2024-06-01T19:25:38.905Z [Modules] Streaming discord_spellcheck@1 to /home/cv-rishi/.config/discord/0.0.54/modules/pending/discord_spellcheck-1.zip: 49%
2024-06-01T19:25:38.906Z [Modules] Streaming discord_spellcheck@1 to /home/cv-rishi/.config/discord/0.0.54/modules/pending/discord_spellcheck-1.zip: 51%
2024-06-01T19:25:38.907Z [Modules] Streaming discord_spellcheck@1 to /home/cv-rishi/.config/discord/0.0.54/modules/pending/discord_spellcheck-1.zip: 52%
2024-06-01T19:25:38.908Z [Modules] Streaming discord_spellcheck@1 to /home/cv-rishi/.config/discord/0.0.54/modules/pending/discord_spellcheck-1.zip: 54%
2024-06-01T19:25:38.946Z [Modules] Streaming discord_spellcheck@1 to /home/cv-rishi/.config/discord/0.0.54/modules/pending/discord_spellcheck-1.zip: 55%
2024-06-01T19:25:38.949Z [Modules] Streaming discord_spellcheck@1 to /home/cv-rishi/.config/discord/0.0.54/modules/pending/discord_spellcheck-1.zip: 56%
2024-06-01T19:25:38.954Z [Modules] Streaming discord_spellcheck@1 to /home/cv-rishi/.config/discord/0.0.54/modules/pending/discord_spellcheck-1.zip: 57%
2024-06-01T19:25:39.048Z [Modules] Streaming discord_spellcheck@1 to /home/cv-rishi/.config/discord/0.0.54/modules/pending/discord_spellcheck-1.zip: 58%
2024-06-01T19:25:39.049Z [Modules] Streaming discord_spellcheck@1 to /home/cv-rishi/.config/discord/0.0.54/modules/pending/discord_spellcheck-1.zip: 59%
2024-06-01T19:25:39.050Z [Modules] Streaming discord_spellcheck@1 to /home/cv-rishi/.config/discord/0.0.54/modules/pending/discord_spellcheck-1.zip: 60%
2024-06-01T19:25:39.051Z [Modules] Streaming discord_spellcheck@1 to /home/cv-rishi/.config/discord/0.0.54/modules/pending/discord_spellcheck-1.zip: 62%
2024-06-01T19:25:39.051Z [Modules] Streaming discord_spellcheck@1 to /home/cv-rishi/.config/discord/0.0.54/modules/pending/discord_spellcheck-1.zip: 63%
2024-06-01T19:25:39.052Z [Modules] Streaming discord_spellcheck@1 to /home/cv-rishi/.config/discord/0.0.54/modules/pending/discord_spellcheck-1.zip: 64%
2024-06-01T19:25:39.091Z [Modules] Streaming discord_spellcheck@1 to /home/cv-rishi/.config/discord/0.0.54/modules/pending/discord_spellcheck-1.zip: 65%
2024-06-01T19:25:39.098Z [Modules] Streaming discord_spellcheck@1 to /home/cv-rishi/.config/discord/0.0.54/modules/pending/discord_spellcheck-1.zip: 66%
2024-06-01T19:25:39.193Z [Modules] Streaming discord_spellcheck@1 to /home/cv-rishi/.config/discord/0.0.54/modules/pending/discord_spellcheck-1.zip: 67%
2024-06-01T19:25:39.194Z [Modules] Streaming discord_spellcheck@1 to /home/cv-rishi/.config/discord/0.0.54/modules/pending/discord_spellcheck-1.zip: 69%
2024-06-01T19:25:39.232Z [Modules] Streaming discord_spellcheck@1 to /home/cv-rishi/.config/discord/0.0.54/modules/pending/discord_spellcheck-1.zip: 70%
2024-06-01T19:25:39.235Z [Modules] Streaming discord_spellcheck@1 to /home/cv-rishi/.config/discord/0.0.54/modules/pending/discord_spellcheck-1.zip: 71%
2024-06-01T19:25:39.236Z [Modules] Streaming discord_spellcheck@1 to /home/cv-rishi/.config/discord/0.0.54/modules/pending/discord_spellcheck-1.zip: 72%
2024-06-01T19:25:39.240Z [Modules] Streaming discord_spellcheck@1 to /home/cv-rishi/.config/discord/0.0.54/modules/pending/discord_spellcheck-1.zip: 73%
2024-06-01T19:25:39.332Z [Modules] Streaming discord_spellcheck@1 to /home/cv-rishi/.config/discord/0.0.54/modules/pending/discord_spellcheck-1.zip: 74%
2024-06-01T19:25:39.333Z [Modules] Streaming discord_spellcheck@1 to /home/cv-rishi/.config/discord/0.0.54/modules/pending/discord_spellcheck-1.zip: 75%
2024-06-01T19:25:39.334Z [Modules] Streaming discord_spellcheck@1 to /home/cv-rishi/.config/discord/0.0.54/modules/pending/discord_spellcheck-1.zip: 77%
2024-06-01T19:25:39.376Z [Modules] Streaming discord_spellcheck@1 to /home/cv-rishi/.config/discord/0.0.54/modules/pending/discord_spellcheck-1.zip: 78%
2024-06-01T19:25:39.379Z [Modules] Streaming discord_spellcheck@1 to /home/cv-rishi/.config/discord/0.0.54/modules/pending/discord_spellcheck-1.zip: 79%
2024-06-01T19:25:39.382Z [Modules] Streaming discord_spellcheck@1 to /home/cv-rishi/.config/discord/0.0.54/modules/pending/discord_spellcheck-1.zip: 80%
2024-06-01T19:25:39.471Z [Modules] Streaming discord_spellcheck@1 to /home/cv-rishi/.config/discord/0.0.54/modules/pending/discord_spellcheck-1.zip: 81%
2024-06-01T19:25:39.473Z [Modules] Streaming discord_spellcheck@1 to /home/cv-rishi/.config/discord/0.0.54/modules/pending/discord_spellcheck-1.zip: 82%
2024-06-01T19:25:39.475Z [Modules] Streaming discord_spellcheck@1 to /home/cv-rishi/.config/discord/0.0.54/modules/pending/discord_spellcheck-1.zip: 83%
2024-06-01T19:25:39.480Z [Modules] Streaming discord_spellcheck@1 to /home/cv-rishi/.config/discord/0.0.54/modules/pending/discord_spellcheck-1.zip: 84%
2024-06-01T19:25:39.576Z [Modules] Streaming discord_spellcheck@1 to /home/cv-rishi/.config/discord/0.0.54/modules/pending/discord_spellcheck-1.zip: 85%
2024-06-01T19:25:39.577Z [Modules] Streaming discord_spellcheck@1 to /home/cv-rishi/.config/discord/0.0.54/modules/pending/discord_spellcheck-1.zip: 86%
2024-06-01T19:25:39.578Z [Modules] Streaming discord_spellcheck@1 to /home/cv-rishi/.config/discord/0.0.54/modules/pending/discord_spellcheck-1.zip: 88%
2024-06-01T19:25:39.579Z [Modules] Streaming discord_spellcheck@1 to /home/cv-rishi/.config/discord/0.0.54/modules/pending/discord_spellcheck-1.zip: 90%
2024-06-01T19:25:39.614Z [Modules] Streaming discord_spellcheck@1 to /home/cv-rishi/.config/discord/0.0.54/modules/pending/discord_spellcheck-1.zip: 91%
2024-06-01T19:25:39.616Z [Modules] Streaming discord_spellcheck@1 to /home/cv-rishi/.config/discord/0.0.54/modules/pending/discord_spellcheck-1.zip: 92%
2024-06-01T19:25:39.618Z [Modules] Streaming discord_spellcheck@1 to /home/cv-rishi/.config/discord/0.0.54/modules/pending/discord_spellcheck-1.zip: 93%
2024-06-01T19:25:39.619Z [Modules] Streaming discord_spellcheck@1 to /home/cv-rishi/.config/discord/0.0.54/modules/pending/discord_spellcheck-1.zip: 95%
2024-06-01T19:25:39.620Z [Modules] Streaming discord_spellcheck@1 to /home/cv-rishi/.config/discord/0.0.54/modules/pending/discord_spellcheck-1.zip: 96%
2024-06-01T19:25:39.649Z [Modules] Streaming discord_spellcheck@1 to /home/cv-rishi/.config/discord/0.0.54/modules/pending/discord_spellcheck-1.zip: 97%
2024-06-01T19:25:39.653Z [Modules] Streaming discord_spellcheck@1 to /home/cv-rishi/.config/discord/0.0.54/modules/pending/discord_spellcheck-1.zip: 98%
2024-06-01T19:25:39.755Z [Modules] Streaming discord_spellcheck@1 to /home/cv-rishi/.config/discord/0.0.54/modules/pending/discord_spellcheck-1.zip: 99%
2024-06-01T19:25:39.827Z [Modules] Streaming discord_spellcheck@1 to /home/cv-rishi/.config/discord/0.0.54/modules/pending/discord_spellcheck-1.zip: 100%
2024-06-01T19:25:39.829Z [Modules] Fetching discord_utils@1 from https://discord.com/api/modules/stable/discord_utils/1
2024-06-01T19:25:39.829Z [Modules] Streaming discord_utils@1 to /home/cv-rishi/.config/discord/0.0.54/modules/pending/discord_utils-1.zip
2024-06-01T19:25:40.349Z [Modules] Streaming discord_utils@1 to /home/cv-rishi/.config/discord/0.0.54/modules/pending/discord_utils-1.zip: 2%
2024-06-01T19:25:40.355Z [Modules] Streaming discord_utils@1 to /home/cv-rishi/.config/discord/0.0.54/modules/pending/discord_utils-1.zip: 4%
2024-06-01T19:25:40.449Z [Modules] Streaming discord_utils@1 to /home/cv-rishi/.config/discord/0.0.54/modules/pending/discord_utils-1.zip: 5%
2024-06-01T19:25:40.453Z [Modules] Streaming discord_utils@1 to /home/cv-rishi/.config/discord/0.0.54/modules/pending/discord_utils-1.zip: 7%
2024-06-01T19:25:40.454Z [Modules] Streaming discord_utils@1 to /home/cv-rishi/.config/discord/0.0.54/modules/pending/discord_utils-1.zip: 8%
2024-06-01T19:25:40.470Z [Modules] Streaming discord_utils@1 to /home/cv-rishi/.config/discord/0.0.54/modules/pending/discord_utils-1.zip: 9%
2024-06-01T19:25:40.472Z [Modules] Streaming discord_utils@1 to /home/cv-rishi/.config/discord/0.0.54/modules/pending/discord_utils-1.zip: 11%
2024-06-01T19:25:40.473Z [Modules] Streaming discord_utils@1 to /home/cv-rishi/.config/discord/0.0.54/modules/pending/discord_utils-1.zip: 15%
2024-06-01T19:25:40.564Z [Modules] Streaming discord_utils@1 to /home/cv-rishi/.config/discord/0.0.54/modules/pending/discord_utils-1.zip: 17%
2024-06-01T19:25:40.565Z [Modules] Streaming discord_utils@1 to /home/cv-rishi/.config/discord/0.0.54/modules/pending/discord_utils-1.zip: 20%
2024-06-01T19:25:40.565Z [Modules] Streaming discord_utils@1 to /home/cv-rishi/.config/discord/0.0.54/modules/pending/discord_utils-1.zip: 26%
2024-06-01T19:25:40.566Z [Modules] Streaming discord_utils@1 to /home/cv-rishi/.config/discord/0.0.54/modules/pending/discord_utils-1.zip: 32%
2024-06-01T19:25:40.567Z [Modules] Streaming discord_utils@1 to /home/cv-rishi/.config/discord/0.0.54/modules/pending/discord_utils-1.zip: 37%
2024-06-01T19:25:40.624Z [Modules] Streaming discord_utils@1 to /home/cv-rishi/.config/discord/0.0.54/modules/pending/discord_utils-1.zip: 39%
2024-06-01T19:25:40.626Z [Modules] Streaming discord_utils@1 to /home/cv-rishi/.config/discord/0.0.54/modules/pending/discord_utils-1.zip: 45%
2024-06-01T19:25:40.740Z [Modules] Streaming discord_utils@1 to /home/cv-rishi/.config/discord/0.0.54/modules/pending/discord_utils-1.zip: 46%
2024-06-01T19:25:40.743Z [Modules] Streaming discord_utils@1 to /home/cv-rishi/.config/discord/0.0.54/modules/pending/discord_utils-1.zip: 48%
2024-06-01T19:25:40.744Z [Modules] Streaming discord_utils@1 to /home/cv-rishi/.config/discord/0.0.54/modules/pending/discord_utils-1.zip: 50%
2024-06-01T19:25:40.744Z [Modules] Streaming discord_utils@1 to /home/cv-rishi/.config/discord/0.0.54/modules/pending/discord_utils-1.zip: 52%
2024-06-01T19:25:40.745Z [Modules] Streaming discord_utils@1 to /home/cv-rishi/.config/discord/0.0.54/modules/pending/discord_utils-1.zip: 53%
2024-06-01T19:25:40.766Z [Modules] Streaming discord_utils@1 to /home/cv-rishi/.config/discord/0.0.54/modules/pending/discord_utils-1.zip: 56%
2024-06-01T19:25:40.768Z [Modules] Streaming discord_utils@1 to /home/cv-rishi/.config/discord/0.0.54/modules/pending/discord_utils-1.zip: 58%
2024-06-01T19:25:40.768Z [Modules] Streaming discord_utils@1 to /home/cv-rishi/.config/discord/0.0.54/modules/pending/discord_utils-1.zip: 60%
2024-06-01T19:25:40.769Z [Modules] Streaming discord_utils@1 to /home/cv-rishi/.config/discord/0.0.54/modules/pending/discord_utils-1.zip: 64%
2024-06-01T19:25:40.771Z [Modules] Streaming discord_utils@1 to /home/cv-rishi/.config/discord/0.0.54/modules/pending/discord_utils-1.zip: 66%
2024-06-01T19:25:40.772Z [Modules] Streaming discord_utils@1 to /home/cv-rishi/.config/discord/0.0.54/modules/pending/discord_utils-1.zip: 74%
2024-06-01T19:25:40.774Z [Modules] Streaming discord_utils@1 to /home/cv-rishi/.config/discord/0.0.54/modules/pending/discord_utils-1.zip: 75%
2024-06-01T19:25:40.866Z [Modules] Streaming discord_utils@1 to /home/cv-rishi/.config/discord/0.0.54/modules/pending/discord_utils-1.zip: 77%
2024-06-01T19:25:40.868Z [Modules] Streaming discord_utils@1 to /home/cv-rishi/.config/discord/0.0.54/modules/pending/discord_utils-1.zip: 78%
2024-06-01T19:25:40.869Z [Modules] Streaming discord_utils@1 to /home/cv-rishi/.config/discord/0.0.54/modules/pending/discord_utils-1.zip: 80%
2024-06-01T19:25:40.872Z [Modules] Streaming discord_utils@1 to /home/cv-rishi/.config/discord/0.0.54/modules/pending/discord_utils-1.zip: 82%
2024-06-01T19:25:40.874Z [Modules] Streaming discord_utils@1 to /home/cv-rishi/.config/discord/0.0.54/modules/pending/discord_utils-1.zip: 84%
2024-06-01T19:25:40.875Z [Modules] Streaming discord_utils@1 to /home/cv-rishi/.config/discord/0.0.54/modules/pending/discord_utils-1.zip: 85%
2024-06-01T19:25:40.967Z [Modules] Streaming discord_utils@1 to /home/cv-rishi/.config/discord/0.0.54/modules/pending/discord_utils-1.zip: 87%
2024-06-01T19:25:40.969Z [Modules] Streaming discord_utils@1 to /home/cv-rishi/.config/discord/0.0.54/modules/pending/discord_utils-1.zip: 90%
2024-06-01T19:25:40.970Z [Modules] Streaming discord_utils@1 to /home/cv-rishi/.config/discord/0.0.54/modules/pending/discord_utils-1.zip: 95%
2024-06-01T19:25:40.970Z [Modules] Streaming discord_utils@1 to /home/cv-rishi/.config/discord/0.0.54/modules/pending/discord_utils-1.zip: 99%
2024-06-01T19:25:40.971Z [Modules] Streaming discord_utils@1 to /home/cv-rishi/.config/discord/0.0.54/modules/pending/discord_utils-1.zip: 100%
2024-06-01T19:25:40.973Z [Modules] Fetching discord_voice@3 from https://discord.com/api/modules/stable/discord_voice/3
2024-06-01T19:25:40.973Z [Modules] Streaming discord_voice@3 to /home/cv-rishi/.config/discord/0.0.54/modules/pending/discord_voice-3.zip
2024-06-01T19:25:41.899Z [Modules] Streaming discord_voice@3 to /home/cv-rishi/.config/discord/0.0.54/modules/pending/discord_voice-3.zip: 1%
2024-06-01T19:25:41.910Z [Modules] Streaming discord_voice@3 to /home/cv-rishi/.config/discord/0.0.54/modules/pending/discord_voice-3.zip: 2%
2024-06-01T19:25:41.943Z [Modules] Streaming discord_voice@3 to /home/cv-rishi/.config/discord/0.0.54/modules/pending/discord_voice-3.zip: 3%
2024-06-01T19:25:41.966Z [Modules] Streaming discord_voice@3 to /home/cv-rishi/.config/discord/0.0.54/modules/pending/discord_voice-3.zip: 4%
2024-06-01T19:25:42.068Z [Modules] Streaming discord_voice@3 to /home/cv-rishi/.config/discord/0.0.54/modules/pending/discord_voice-3.zip: 5%
2024-06-01T19:25:42.083Z [Modules] Streaming discord_voice@3 to /home/cv-rishi/.config/discord/0.0.54/modules/pending/discord_voice-3.zip: 6%
2024-06-01T19:25:42.088Z [Modules] Streaming discord_voice@3 to /home/cv-rishi/.config/discord/0.0.54/modules/pending/discord_voice-3.zip: 7%
2024-06-01T19:25:42.187Z [Modules] Streaming discord_voice@3 to /home/cv-rishi/.config/discord/0.0.54/modules/pending/discord_voice-3.zip: 8%
2024-06-01T19:25:42.191Z [Modules] Streaming discord_voice@3 to /home/cv-rishi/.config/discord/0.0.54/modules/pending/discord_voice-3.zip: 9%
2024-06-01T19:25:42.192Z [Modules] Streaming discord_voice@3 to /home/cv-rishi/.config/discord/0.0.54/modules/pending/discord_voice-3.zip: 10%
2024-06-01T19:25:42.193Z [Modules] Streaming discord_voice@3 to /home/cv-rishi/.config/discord/0.0.54/modules/pending/discord_voice-3.zip: 11%
2024-06-01T19:25:42.245Z [Modules] Streaming discord_voice@3 to /home/cv-rishi/.config/discord/0.0.54/modules/pending/discord_voice-3.zip: 12%
2024-06-01T19:25:42.267Z [Modules] Streaming discord_voice@3 to /home/cv-rishi/.config/discord/0.0.54/modules/pending/discord_voice-3.zip: 13%
2024-06-01T19:25:42.366Z [Modules] Streaming discord_voice@3 to /home/cv-rishi/.config/discord/0.0.54/modules/pending/discord_voice-3.zip: 14%
2024-06-01T19:25:42.377Z [Modules] Streaming discord_voice@3 to /home/cv-rishi/.config/discord/0.0.54/modules/pending/discord_voice-3.zip: 15%
2024-06-01T19:25:42.469Z [Modules] Streaming discord_voice@3 to /home/cv-rishi/.config/discord/0.0.54/modules/pending/discord_voice-3.zip: 16%
2024-06-01T19:25:42.490Z [Modules] Streaming discord_voice@3 to /home/cv-rishi/.config/discord/0.0.54/modules/pending/discord_voice-3.zip: 17%
2024-06-01T19:25:42.496Z [Modules] Streaming discord_voice@3 to /home/cv-rishi/.config/discord/0.0.54/modules/pending/discord_voice-3.zip: 18%
2024-06-01T19:25:42.497Z [Modules] Streaming discord_voice@3 to /home/cv-rishi/.config/discord/0.0.54/modules/pending/discord_voice-3.zip: 19%
2024-06-01T19:25:42.498Z [Modules] Streaming discord_voice@3 to /home/cv-rishi/.config/discord/0.0.54/modules/pending/discord_voice-3.zip: 20%
2024-06-01T19:25:42.538Z [Modules] Streaming discord_voice@3 to /home/cv-rishi/.config/discord/0.0.54/modules/pending/discord_voice-3.zip: 21%
2024-06-01T19:25:42.641Z [Modules] Streaming discord_voice@3 to /home/cv-rishi/.config/discord/0.0.54/modules/pending/discord_voice-3.zip: 22%
2024-06-01T19:25:42.664Z [Modules] Streaming discord_voice@3 to /home/cv-rishi/.config/discord/0.0.54/modules/pending/discord_voice-3.zip: 23%
2024-06-01T19:25:42.760Z [Modules] Streaming discord_voice@3 to /home/cv-rishi/.config/discord/0.0.54/modules/pending/discord_voice-3.zip: 24%
2024-06-01T19:25:42.773Z [Modules] Streaming discord_voice@3 to /home/cv-rishi/.config/discord/0.0.54/modules/pending/discord_voice-3.zip: 25%
2024-06-01T19:25:42.786Z [Modules] Streaming discord_voice@3 to /home/cv-rishi/.config/discord/0.0.54/modules/pending/discord_voice-3.zip: 26%
2024-06-01T19:25:42.793Z [Modules] Streaming discord_voice@3 to /home/cv-rishi/.config/discord/0.0.54/modules/pending/discord_voice-3.zip: 27%
2024-06-01T19:25:42.883Z [Modules] Streaming discord_voice@3 to /home/cv-rishi/.config/discord/0.0.54/modules/pending/discord_voice-3.zip: 28%
2024-06-01T19:25:42.885Z [Modules] Streaming discord_voice@3 to /home/cv-rishi/.config/discord/0.0.54/modules/pending/discord_voice-3.zip: 29%
2024-06-01T19:25:42.886Z [Modules] Streaming discord_voice@3 to /home/cv-rishi/.config/discord/0.0.54/modules/pending/discord_voice-3.zip: 30%
2024-06-01T19:25:42.948Z [Modules] Streaming discord_voice@3 to /home/cv-rishi/.config/discord/0.0.54/modules/pending/discord_voice-3.zip: 31%
2024-06-01T19:25:43.050Z [Modules] Streaming discord_voice@3 to /home/cv-rishi/.config/discord/0.0.54/modules/pending/discord_voice-3.zip: 32%
2024-06-01T19:25:43.052Z [Modules] Streaming discord_voice@3 to /home/cv-rishi/.config/discord/0.0.54/modules/pending/discord_voice-3.zip: 33%
2024-06-01T19:25:43.152Z [Modules] Streaming discord_voice@3 to /home/cv-rishi/.config/discord/0.0.54/modules/pending/discord_voice-3.zip: 34%
2024-06-01T19:25:43.153Z [Modules] Streaming discord_voice@3 to /home/cv-rishi/.config/discord/0.0.54/modules/pending/discord_voice-3.zip: 35%
2024-06-01T19:25:43.192Z [Modules] Streaming discord_voice@3 to /home/cv-rishi/.config/discord/0.0.54/modules/pending/discord_voice-3.zip: 36%
2024-06-01T19:25:43.287Z [Modules] Streaming discord_voice@3 to /home/cv-rishi/.config/discord/0.0.54/modules/pending/discord_voice-3.zip: 37%
2024-06-01T19:25:43.288Z [Modules] Streaming discord_voice@3 to /home/cv-rishi/.config/discord/0.0.54/modules/pending/discord_voice-3.zip: 38%
2024-06-01T19:25:43.289Z [Modules] Streaming discord_voice@3 to /home/cv-rishi/.config/discord/0.0.54/modules/pending/discord_voice-3.zip: 39%
2024-06-01T19:25:43.290Z [Modules] Streaming discord_voice@3 to /home/cv-rishi/.config/discord/0.0.54/modules/pending/discord_voice-3.zip: 40%
2024-06-01T19:25:43.352Z [Modules] Streaming discord_voice@3 to /home/cv-rishi/.config/discord/0.0.54/modules/pending/discord_voice-3.zip: 41%
2024-06-01T19:25:43.359Z [Modules] Streaming discord_voice@3 to /home/cv-rishi/.config/discord/0.0.54/modules/pending/discord_voice-3.zip: 42%
2024-06-01T19:25:43.567Z [Modules] Streaming discord_voice@3 to /home/cv-rishi/.config/discord/0.0.54/modules/pending/discord_voice-3.zip: 43%
2024-06-01T19:25:43.571Z [Modules] Streaming discord_voice@3 to /home/cv-rishi/.config/discord/0.0.54/modules/pending/discord_voice-3.zip: 44%
2024-06-01T19:25:43.572Z [Modules] Streaming discord_voice@3 to /home/cv-rishi/.config/discord/0.0.54/modules/pending/discord_voice-3.zip: 45%
2024-06-01T19:25:43.574Z [Modules] Streaming discord_voice@3 to /home/cv-rishi/.config/discord/0.0.54/modules/pending/discord_voice-3.zip: 46%
2024-06-01T19:25:43.612Z [Modules] Streaming discord_voice@3 to /home/cv-rishi/.config/discord/0.0.54/modules/pending/discord_voice-3.zip: 47%
2024-06-01T19:25:43.714Z [Modules] Streaming discord_voice@3 to /home/cv-rishi/.config/discord/0.0.54/modules/pending/discord_voice-3.zip: 48%
2024-06-01T19:25:43.715Z [Modules] Streaming discord_voice@3 to /home/cv-rishi/.config/discord/0.0.54/modules/pending/discord_voice-3.zip: 49%
2024-06-01T19:25:43.716Z [Modules] Streaming discord_voice@3 to /home/cv-rishi/.config/discord/0.0.54/modules/pending/discord_voice-3.zip: 50%
2024-06-01T19:25:43.756Z [Modules] Streaming discord_voice@3 to /home/cv-rishi/.config/discord/0.0.54/modules/pending/discord_voice-3.zip: 51%
2024-06-01T19:25:43.859Z [Modules] Streaming discord_voice@3 to /home/cv-rishi/.config/discord/0.0.54/modules/pending/discord_voice-3.zip: 52%
2024-06-01T19:25:43.955Z [Modules] Streaming discord_voice@3 to /home/cv-rishi/.config/discord/0.0.54/modules/pending/discord_voice-3.zip: 53%
2024-06-01T19:25:43.956Z [Modules] Streaming discord_voice@3 to /home/cv-rishi/.config/discord/0.0.54/modules/pending/discord_voice-3.zip: 54%
2024-06-01T19:25:43.958Z [Modules] Streaming discord_voice@3 to /home/cv-rishi/.config/discord/0.0.54/modules/pending/discord_voice-3.zip: 55%
2024-06-01T19:25:44.003Z [Modules] Streaming discord_voice@3 to /home/cv-rishi/.config/discord/0.0.54/modules/pending/discord_voice-3.zip: 56%
2024-06-01T19:25:44.102Z [Modules] Streaming discord_voice@3 to /home/cv-rishi/.config/discord/0.0.54/modules/pending/discord_voice-3.zip: 57%
2024-06-01T19:25:44.103Z [Modules] Streaming discord_voice@3 to /home/cv-rishi/.config/discord/0.0.54/modules/pending/discord_voice-3.zip: 58%
2024-06-01T19:25:44.104Z [Modules] Streaming discord_voice@3 to /home/cv-rishi/.config/discord/0.0.54/modules/pending/discord_voice-3.zip: 59%
2024-06-01T19:25:44.135Z [Modules] Streaming discord_voice@3 to /home/cv-rishi/.config/discord/0.0.54/modules/pending/discord_voice-3.zip: 60%
2024-06-01T19:25:44.259Z [Modules] Streaming discord_voice@3 to /home/cv-rishi/.config/discord/0.0.54/modules/pending/discord_voice-3.zip: 61%
2024-06-01T19:25:44.266Z [Modules] Streaming discord_voice@3 to /home/cv-rishi/.config/discord/0.0.54/modules/pending/discord_voice-3.zip: 62%
2024-06-01T19:25:44.267Z [Modules] Streaming discord_voice@3 to /home/cv-rishi/.config/discord/0.0.54/modules/pending/discord_voice-3.zip: 63%
2024-06-01T19:25:44.299Z [Modules] Streaming discord_voice@3 to /home/cv-rishi/.config/discord/0.0.54/modules/pending/discord_voice-3.zip: 64%
2024-06-01T19:25:44.411Z [Modules] Streaming discord_voice@3 to /home/cv-rishi/.config/discord/0.0.54/modules/pending/discord_voice-3.zip: 65%
2024-06-01T19:25:44.416Z [Modules] Streaming discord_voice@3 to /home/cv-rishi/.config/discord/0.0.54/modules/pending/discord_voice-3.zip: 66%
2024-06-01T19:25:44.418Z [Modules] Streaming discord_voice@3 to /home/cv-rishi/.config/discord/0.0.54/modules/pending/discord_voice-3.zip: 67%
2024-06-01T19:25:44.419Z [Modules] Streaming discord_voice@3 to /home/cv-rishi/.config/discord/0.0.54/modules/pending/discord_voice-3.zip: 68%
2024-06-01T19:25:44.479Z [Modules] Streaming discord_voice@3 to /home/cv-rishi/.config/discord/0.0.54/modules/pending/discord_voice-3.zip: 69%
2024-06-01T19:25:44.606Z [Modules] Streaming discord_voice@3 to /home/cv-rishi/.config/discord/0.0.54/modules/pending/discord_voice-3.zip: 70%
2024-06-01T19:25:44.621Z [Modules] Streaming discord_voice@3 to /home/cv-rishi/.config/discord/0.0.54/modules/pending/discord_voice-3.zip: 71%
2024-06-01T19:25:44.639Z [Modules] Streaming discord_voice@3 to /home/cv-rishi/.config/discord/0.0.54/modules/pending/discord_voice-3.zip: 72%
2024-06-01T19:25:44.659Z [Modules] Streaming discord_voice@3 to /home/cv-rishi/.config/discord/0.0.54/modules/pending/discord_voice-3.zip: 73%
2024-06-01T19:25:44.678Z [Modules] Streaming discord_voice@3 to /home/cv-rishi/.config/discord/0.0.54/modules/pending/discord_voice-3.zip: 74%
2024-06-01T19:25:44.690Z [Modules] Streaming discord_voice@3 to /home/cv-rishi/.config/discord/0.0.54/modules/pending/discord_voice-3.zip: 75%
2024-06-01T19:25:44.701Z [Modules] Streaming discord_voice@3 to /home/cv-rishi/.config/discord/0.0.54/modules/pending/discord_voice-3.zip: 76%
2024-06-01T19:25:44.726Z [Modules] Streaming discord_voice@3 to /home/cv-rishi/.config/discord/0.0.54/modules/pending/discord_voice-3.zip: 77%
2024-06-01T19:25:44.759Z [Modules] Streaming discord_voice@3 to /home/cv-rishi/.config/discord/0.0.54/modules/pending/discord_voice-3.zip: 78%
2024-06-01T19:25:44.789Z [Modules] Streaming discord_voice@3 to /home/cv-rishi/.config/discord/0.0.54/modules/pending/discord_voice-3.zip: 79%
2024-06-01T19:25:44.815Z [Modules] Streaming discord_voice@3 to /home/cv-rishi/.config/discord/0.0.54/modules/pending/discord_voice-3.zip: 80%
2024-06-01T19:25:44.842Z [Modules] Streaming discord_voice@3 to /home/cv-rishi/.config/discord/0.0.54/modules/pending/discord_voice-3.zip: 81%
2024-06-01T19:25:44.865Z [Modules] Streaming discord_voice@3 to /home/cv-rishi/.config/discord/0.0.54/modules/pending/discord_voice-3.zip: 82%
2024-06-01T19:25:44.891Z [Modules] Streaming discord_voice@3 to /home/cv-rishi/.config/discord/0.0.54/modules/pending/discord_voice-3.zip: 83%
2024-06-01T19:25:44.917Z [Modules] Streaming discord_voice@3 to /home/cv-rishi/.config/discord/0.0.54/modules/pending/discord_voice-3.zip: 84%
2024-06-01T19:25:44.943Z [Modules] Streaming discord_voice@3 to /home/cv-rishi/.config/discord/0.0.54/modules/pending/discord_voice-3.zip: 85%
2024-06-01T19:25:44.968Z [Modules] Streaming discord_voice@3 to /home/cv-rishi/.config/discord/0.0.54/modules/pending/discord_voice-3.zip: 86%
2024-06-01T19:25:44.995Z [Modules] Streaming discord_voice@3 to /home/cv-rishi/.config/discord/0.0.54/modules/pending/discord_voice-3.zip: 87%
2024-06-01T19:25:45.017Z [Modules] Streaming discord_voice@3 to /home/cv-rishi/.config/discord/0.0.54/modules/pending/discord_voice-3.zip: 88%
2024-06-01T19:25:45.042Z [Modules] Streaming discord_voice@3 to /home/cv-rishi/.config/discord/0.0.54/modules/pending/discord_voice-3.zip: 89%
2024-06-01T19:25:45.068Z [Modules] Streaming discord_voice@3 to /home/cv-rishi/.config/discord/0.0.54/modules/pending/discord_voice-3.zip: 90%
2024-06-01T19:25:45.093Z [Modules] Streaming discord_voice@3 to /home/cv-rishi/.config/discord/0.0.54/modules/pending/discord_voice-3.zip: 91%
2024-06-01T19:25:45.118Z [Modules] Streaming discord_voice@3 to /home/cv-rishi/.config/discord/0.0.54/modules/pending/discord_voice-3.zip: 92%
2024-06-01T19:25:45.143Z [Modules] Streaming discord_voice@3 to /home/cv-rishi/.config/discord/0.0.54/modules/pending/discord_voice-3.zip: 93%
2024-06-01T19:25:45.171Z [Modules] Streaming discord_voice@3 to /home/cv-rishi/.config/discord/0.0.54/modules/pending/discord_voice-3.zip: 94%
2024-06-01T19:25:45.191Z [Modules] Streaming discord_voice@3 to /home/cv-rishi/.config/discord/0.0.54/modules/pending/discord_voice-3.zip: 95%
2024-06-01T19:25:45.315Z [Modules] Streaming discord_voice@3 to /home/cv-rishi/.config/discord/0.0.54/modules/pending/discord_voice-3.zip: 96%
2024-06-01T19:25:45.329Z [Modules] Streaming discord_voice@3 to /home/cv-rishi/.config/discord/0.0.54/modules/pending/discord_voice-3.zip: 97%
2024-06-01T19:25:45.331Z [Modules] Streaming discord_voice@3 to /home/cv-rishi/.config/discord/0.0.54/modules/pending/discord_voice-3.zip: 98%
2024-06-01T19:25:45.332Z [Modules] Streaming discord_voice@3 to /home/cv-rishi/.config/discord/0.0.54/modules/pending/discord_voice-3.zip: 99%
2024-06-01T19:25:45.333Z [Modules] Streaming discord_voice@3 to /home/cv-rishi/.config/discord/0.0.54/modules/pending/discord_voice-3.zip: 100%
2024-06-01T19:25:45.335Z [Modules] Fetching discord_zstd@1 from https://discord.com/api/modules/stable/discord_zstd/1
2024-06-01T19:25:45.335Z [Modules] Streaming discord_zstd@1 to /home/cv-rishi/.config/discord/0.0.54/modules/pending/discord_zstd-1.zip
2024-06-01T19:25:45.877Z [Modules] Streaming discord_zstd@1 to /home/cv-rishi/.config/discord/0.0.54/modules/pending/discord_zstd-1.zip: 1%
2024-06-01T19:25:45.882Z [Modules] Streaming discord_zstd@1 to /home/cv-rishi/.config/discord/0.0.54/modules/pending/discord_zstd-1.zip: 6%
2024-06-01T19:25:45.885Z [Modules] Streaming discord_zstd@1 to /home/cv-rishi/.config/discord/0.0.54/modules/pending/discord_zstd-1.zip: 8%
2024-06-01T19:25:45.889Z [Modules] Streaming discord_zstd@1 to /home/cv-rishi/.config/discord/0.0.54/modules/pending/discord_zstd-1.zip: 11%
2024-06-01T19:25:45.893Z [Modules] Streaming discord_zstd@1 to /home/cv-rishi/.config/discord/0.0.54/modules/pending/discord_zstd-1.zip: 16%
2024-06-01T19:25:45.896Z [Modules] Streaming discord_zstd@1 to /home/cv-rishi/.config/discord/0.0.54/modules/pending/discord_zstd-1.zip: 17%
2024-06-01T19:25:45.900Z [Modules] Streaming discord_zstd@1 to /home/cv-rishi/.config/discord/0.0.54/modules/pending/discord_zstd-1.zip: 20%
2024-06-01T19:25:45.901Z [Modules] Streaming discord_zstd@1 to /home/cv-rishi/.config/discord/0.0.54/modules/pending/discord_zstd-1.zip: 21%
2024-06-01T19:25:45.903Z [Modules] Streaming discord_zstd@1 to /home/cv-rishi/.config/discord/0.0.54/modules/pending/discord_zstd-1.zip: 22%
2024-06-01T19:25:45.905Z [Modules] Streaming discord_zstd@1 to /home/cv-rishi/.config/discord/0.0.54/modules/pending/discord_zstd-1.zip: 24%
2024-06-01T19:25:45.906Z [Modules] Streaming discord_zstd@1 to /home/cv-rishi/.config/discord/0.0.54/modules/pending/discord_zstd-1.zip: 25%
2024-06-01T19:25:45.909Z [Modules] Streaming discord_zstd@1 to /home/cv-rishi/.config/discord/0.0.54/modules/pending/discord_zstd-1.zip: 27%
2024-06-01T19:25:45.912Z [Modules] Streaming discord_zstd@1 to /home/cv-rishi/.config/discord/0.0.54/modules/pending/discord_zstd-1.zip: 30%
2024-06-01T19:25:45.915Z [Modules] Streaming discord_zstd@1 to /home/cv-rishi/.config/discord/0.0.54/modules/pending/discord_zstd-1.zip: 31%
2024-06-01T19:25:45.920Z [Modules] Streaming discord_zstd@1 to /home/cv-rishi/.config/discord/0.0.54/modules/pending/discord_zstd-1.zip: 36%
2024-06-01T19:25:45.922Z [Modules] Streaming discord_zstd@1 to /home/cv-rishi/.config/discord/0.0.54/modules/pending/discord_zstd-1.zip: 38%
2024-06-01T19:25:45.926Z [Modules] Streaming discord_zstd@1 to /home/cv-rishi/.config/discord/0.0.54/modules/pending/discord_zstd-1.zip: 40%
2024-06-01T19:25:45.927Z [Modules] Streaming discord_zstd@1 to /home/cv-rishi/.config/discord/0.0.54/modules/pending/discord_zstd-1.zip: 41%
2024-06-01T19:25:45.931Z [Modules] Streaming discord_zstd@1 to /home/cv-rishi/.config/discord/0.0.54/modules/pending/discord_zstd-1.zip: 44%
2024-06-01T19:25:45.933Z [Modules] Streaming discord_zstd@1 to /home/cv-rishi/.config/discord/0.0.54/modules/pending/discord_zstd-1.zip: 45%
2024-06-01T19:25:45.938Z [Modules] Streaming discord_zstd@1 to /home/cv-rishi/.config/discord/0.0.54/modules/pending/discord_zstd-1.zip: 49%
2024-06-01T19:25:45.943Z [Modules] Streaming discord_zstd@1 to /home/cv-rishi/.config/discord/0.0.54/modules/pending/discord_zstd-1.zip: 54%
2024-06-01T19:25:45.946Z [Modules] Streaming discord_zstd@1 to /home/cv-rishi/.config/discord/0.0.54/modules/pending/discord_zstd-1.zip: 57%
2024-06-01T19:25:45.949Z [Modules] Streaming discord_zstd@1 to /home/cv-rishi/.config/discord/0.0.54/modules/pending/discord_zstd-1.zip: 59%
2024-06-01T19:25:45.952Z [Modules] Streaming discord_zstd@1 to /home/cv-rishi/.config/discord/0.0.54/modules/pending/discord_zstd-1.zip: 62%
2024-06-01T19:25:45.954Z [Modules] Streaming discord_zstd@1 to /home/cv-rishi/.config/discord/0.0.54/modules/pending/discord_zstd-1.zip: 63%
2024-06-01T19:25:45.957Z [Modules] Streaming discord_zstd@1 to /home/cv-rishi/.config/discord/0.0.54/modules/pending/discord_zstd-1.zip: 66%
2024-06-01T19:25:45.959Z [Modules] Streaming discord_zstd@1 to /home/cv-rishi/.config/discord/0.0.54/modules/pending/discord_zstd-1.zip: 67%
2024-06-01T19:25:45.962Z [Modules] Streaming discord_zstd@1 to /home/cv-rishi/.config/discord/0.0.54/modules/pending/discord_zstd-1.zip: 69%
2024-06-01T19:25:45.966Z [Modules] Streaming discord_zstd@1 to /home/cv-rishi/.config/discord/0.0.54/modules/pending/discord_zstd-1.zip: 72%
2024-06-01T19:25:45.971Z [Modules] Streaming discord_zstd@1 to /home/cv-rishi/.config/discord/0.0.54/modules/pending/discord_zstd-1.zip: 76%
2024-06-01T19:25:45.973Z [Modules] Streaming discord_zstd@1 to /home/cv-rishi/.config/discord/0.0.54/modules/pending/discord_zstd-1.zip: 78%
2024-06-01T19:25:45.977Z [Modules] Streaming discord_zstd@1 to /home/cv-rishi/.config/discord/0.0.54/modules/pending/discord_zstd-1.zip: 81%
2024-06-01T19:25:45.980Z [Modules] Streaming discord_zstd@1 to /home/cv-rishi/.config/discord/0.0.54/modules/pending/discord_zstd-1.zip: 83%
2024-06-01T19:25:45.986Z [Modules] Streaming discord_zstd@1 to /home/cv-rishi/.config/discord/0.0.54/modules/pending/discord_zstd-1.zip: 88%
2024-06-01T19:25:45.989Z [Modules] Streaming discord_zstd@1 to /home/cv-rishi/.config/discord/0.0.54/modules/pending/discord_zstd-1.zip: 91%
2024-06-01T19:25:45.991Z [Modules] Streaming discord_zstd@1 to /home/cv-rishi/.config/discord/0.0.54/modules/pending/discord_zstd-1.zip: 92%
2024-06-01T19:25:45.996Z [Modules] Streaming discord_zstd@1 to /home/cv-rishi/.config/discord/0.0.54/modules/pending/discord_zstd-1.zip: 96%
2024-06-01T19:25:45.997Z [Modules] Streaming discord_zstd@1 to /home/cv-rishi/.config/discord/0.0.54/modules/pending/discord_zstd-1.zip: 97%
2024-06-01T19:25:45.999Z [Modules] Streaming discord_zstd@1 to /home/cv-rishi/.config/discord/0.0.54/modules/pending/discord_zstd-1.zip: 100%
2024-06-01T19:25:46.000Z [Modules] Finished module downloads. [success: 6] [failure: 0]
2024-06-01T19:25:46.000Z [Modules] Installing updates...
2024-06-01T19:25:46.001Z [Modules] Installing discord_desktop_core@1 from /home/cv-rishi/.config/discord/0.0.54/modules/pending/discord_desktop_core-1.zip
2024-06-01T19:25:46.048Z [Modules] Installing discord_erlpack@1 from /home/cv-rishi/.config/discord/0.0.54/modules/pending/discord_erlpack-1.zip
2024-06-01T19:25:46.078Z [Modules] Installing discord_spellcheck@1 from /home/cv-rishi/.config/discord/0.0.54/modules/pending/discord_spellcheck-1.zip
2024-06-01T19:25:46.439Z [Modules] Installing discord_utils@1 from /home/cv-rishi/.config/discord/0.0.54/modules/pending/discord_utils-1.zip
2024-06-01T19:25:46.500Z [Modules] Installing discord_voice@3 from /home/cv-rishi/.config/discord/0.0.54/modules/pending/discord_voice-3.zip
2024-06-01T19:25:46.779Z [Modules] Installing discord_zstd@1 from /home/cv-rishi/.config/discord/0.0.54/modules/pending/discord_zstd-1.zip
2024-06-01T19:25:46.797Z [Modules] Finished module installations. [success: 6] [failure: 0]
2024-06-01T19:25:46.797Z [Modules] Checking for host updates.
2024-06-01T19:25:47.227Z [Modules] Host is up to date.
2024-06-01T19:25:47.227Z [Modules] Checking for module updates at https://discord.com/api/modules/stable/versions.json
2024-06-01T19:25:47.231Z [Modules] No module updates available.
2024-06-01T19:48:23.269Z [Modules] Modules initializing
2024-06-01T19:48:23.269Z [Modules] Distribution: remote
2024-06-01T19:48:23.269Z [Modules] Host updates: enabled
2024-06-01T19:48:23.270Z [Modules] Module updates: enabled
2024-06-01T19:48:23.270Z [Modules] Module install path: /home/cv-rishi/.config/discord/0.0.54/modules
2024-06-01T19:48:23.270Z [Modules] Module installed file path: /home/cv-rishi/.config/discord/0.0.54/modules/installed.json
2024-06-01T19:48:23.270Z [Modules] Module download path: /home/cv-rishi/.config/discord/0.0.54/modules/pending
2024-06-01T19:48:23.447Z [Modules] No updates to install
2024-06-01T19:48:23.448Z [Modules] Checking for host updates.
2024-06-01T19:48:23.957Z [Modules] Host is up to date.
2024-06-01T19:48:23.958Z [Modules] Checking for module updates at https://discord.com/api/modules/stable/versions.json
2024-06-01T19:48:24.013Z [Modules] No module updates available.
2024-06-01T19:48:24.928Z [Modules] Starting to install discord_krisp...
2024-06-01T19:48:24.928Z [Modules] Fetching discord_krisp@2 from https://discord.com/api/modules/stable/discord_krisp/2
2024-06-01T19:48:24.928Z [Modules] Streaming discord_krisp@2 to /home/cv-rishi/.config/discord/0.0.54/modules/pending/discord_krisp-2.zip
2024-06-01T19:48:24.933Z [Modules] Starting to install discord_game_utils...
2024-06-01T19:48:25.680Z [Modules] Checking for host updates.
2024-06-01T19:48:25.761Z [Modules] Starting to install discord_rpc...
2024-06-01T19:48:26.081Z [Modules] Host is up to date.
2024-06-01T19:48:26.081Z [Modules] Checking for module updates at https://discord.com/api/modules/stable/versions.json
2024-06-01T19:48:26.083Z [Modules] No module updates available.
2024-06-01T19:48:27.060Z [Modules] Streaming discord_krisp@2 to /home/cv-rishi/.config/discord/0.0.54/modules/pending/discord_krisp-2.zip: 1%
2024-06-01T19:48:27.281Z [Modules] Streaming discord_krisp@2 to /home/cv-rishi/.config/discord/0.0.54/modules/pending/discord_krisp-2.zip: 2%
2024-06-01T19:48:27.471Z [Modules] Streaming discord_krisp@2 to /home/cv-rishi/.config/discord/0.0.54/modules/pending/discord_krisp-2.zip: 3%
2024-06-01T19:48:27.565Z [Modules] Streaming discord_krisp@2 to /home/cv-rishi/.config/discord/0.0.54/modules/pending/discord_krisp-2.zip: 4%
2024-06-01T19:48:27.634Z [Modules] Streaming discord_krisp@2 to /home/cv-rishi/.config/discord/0.0.54/modules/pending/discord_krisp-2.zip: 5%
2024-06-01T19:48:27.690Z [Modules] Streaming discord_krisp@2 to /home/cv-rishi/.config/discord/0.0.54/modules/pending/discord_krisp-2.zip: 6%
2024-06-01T19:48:27.733Z [Modules] Streaming discord_krisp@2 to /home/cv-rishi/.config/discord/0.0.54/modules/pending/discord_krisp-2.zip: 7%
2024-06-01T19:48:27.771Z [Modules] Streaming discord_krisp@2 to /home/cv-rishi/.config/discord/0.0.54/modules/pending/discord_krisp-2.zip: 8%
2024-06-01T19:48:27.800Z [Modules] Streaming discord_krisp@2 to /home/cv-rishi/.config/discord/0.0.54/modules/pending/discord_krisp-2.zip: 9%
2024-06-01T19:48:27.828Z [Modules] Streaming discord_krisp@2 to /home/cv-rishi/.config/discord/0.0.54/modules/pending/discord_krisp-2.zip: 10%
2024-06-01T19:48:27.852Z [Modules] Streaming discord_krisp@2 to /home/cv-rishi/.config/discord/0.0.54/modules/pending/discord_krisp-2.zip: 11%
2024-06-01T19:48:27.873Z [Modules] Streaming discord_krisp@2 to /home/cv-rishi/.config/discord/0.0.54/modules/pending/discord_krisp-2.zip: 12%
2024-06-01T19:48:27.896Z [Modules] Streaming discord_krisp@2 to /home/cv-rishi/.config/discord/0.0.54/modules/pending/discord_krisp-2.zip: 13%
2024-06-01T19:48:27.914Z [Modules] Streaming discord_krisp@2 to /home/cv-rishi/.config/discord/0.0.54/modules/pending/discord_krisp-2.zip: 14%
2024-06-01T19:48:27.938Z [Modules] Streaming discord_krisp@2 to /home/cv-rishi/.config/discord/0.0.54/modules/pending/discord_krisp-2.zip: 15%
2024-06-01T19:48:27.967Z [Modules] Streaming discord_krisp@2 to /home/cv-rishi/.config/discord/0.0.54/modules/pending/discord_krisp-2.zip: 16%
2024-06-01T19:48:27.994Z [Modules] Streaming discord_krisp@2 to /home/cv-rishi/.config/discord/0.0.54/modules/pending/discord_krisp-2.zip: 17%
2024-06-01T19:48:28.017Z [Modules] Streaming discord_krisp@2 to /home/cv-rishi/.config/discord/0.0.54/modules/pending/discord_krisp-2.zip: 18%
2024-06-01T19:48:28.043Z [Modules] Streaming discord_krisp@2 to /home/cv-rishi/.config/discord/0.0.54/modules/pending/discord_krisp-2.zip: 19%
2024-06-01T19:48:28.062Z [Modules] Streaming discord_krisp@2 to /home/cv-rishi/.config/discord/0.0.54/modules/pending/discord_krisp-2.zip: 20%
2024-06-01T19:48:28.299Z [Modules] Streaming discord_krisp@2 to /home/cv-rishi/.config/discord/0.0.54/modules/pending/discord_krisp-2.zip: 21%
2024-06-01T19:48:28.299Z [Modules] Streaming discord_krisp@2 to /home/cv-rishi/.config/discord/0.0.54/modules/pending/discord_krisp-2.zip: 22%
2024-06-01T19:48:28.300Z [Modules] Streaming discord_krisp@2 to /home/cv-rishi/.config/discord/0.0.54/modules/pending/discord_krisp-2.zip: 23%
2024-06-01T19:48:28.300Z [Modules] Streaming discord_krisp@2 to /home/cv-rishi/.config/discord/0.0.54/modules/pending/discord_krisp-2.zip: 24%
2024-06-01T19:48:28.300Z [Modules] Streaming discord_krisp@2 to /home/cv-rishi/.config/discord/0.0.54/modules/pending/discord_krisp-2.zip: 25%
2024-06-01T19:48:28.301Z [Modules] Streaming discord_krisp@2 to /home/cv-rishi/.config/discord/0.0.54/modules/pending/discord_krisp-2.zip: 26%
2024-06-01T19:48:28.301Z [Modules] Streaming discord_krisp@2 to /home/cv-rishi/.config/discord/0.0.54/modules/pending/discord_krisp-2.zip: 27%
2024-06-01T19:48:28.669Z [Modules] Streaming discord_krisp@2 to /home/cv-rishi/.config/discord/0.0.54/modules/pending/discord_krisp-2.zip: 28%
2024-06-01T19:48:28.680Z [Modules] Streaming discord_krisp@2 to /home/cv-rishi/.config/discord/0.0.54/modules/pending/discord_krisp-2.zip: 29%
2024-06-01T19:48:28.743Z [Modules] Streaming discord_krisp@2 to /home/cv-rishi/.config/discord/0.0.54/modules/pending/discord_krisp-2.zip: 30%
2024-06-01T19:48:28.934Z [Modules] Streaming discord_krisp@2 to /home/cv-rishi/.config/discord/0.0.54/modules/pending/discord_krisp-2.zip: 31%
2024-06-01T19:48:28.935Z [Modules] Streaming discord_krisp@2 to /home/cv-rishi/.config/discord/0.0.54/modules/pending/discord_krisp-2.zip: 32%
2024-06-01T19:48:29.182Z [Modules] Streaming discord_krisp@2 to /home/cv-rishi/.config/discord/0.0.54/modules/pending/discord_krisp-2.zip: 33%
2024-06-01T19:48:29.183Z [Modules] Streaming discord_krisp@2 to /home/cv-rishi/.config/discord/0.0.54/modules/pending/discord_krisp-2.zip: 34%
2024-06-01T19:48:29.183Z [Modules] Streaming discord_krisp@2 to /home/cv-rishi/.config/discord/0.0.54/modules/pending/discord_krisp-2.zip: 35%
2024-06-01T19:48:29.184Z [Modules] Streaming discord_krisp@2 to /home/cv-rishi/.config/discord/0.0.54/modules/pending/discord_krisp-2.zip: 36%
2024-06-01T19:48:29.393Z [Modules] Streaming discord_krisp@2 to /home/cv-rishi/.config/discord/0.0.54/modules/pending/discord_krisp-2.zip: 37%
2024-06-01T19:48:29.696Z [Modules] Streaming discord_krisp@2 to /home/cv-rishi/.config/discord/0.0.54/modules/pending/discord_krisp-2.zip: 38%
2024-06-01T19:48:29.895Z [Modules] Streaming discord_krisp@2 to /home/cv-rishi/.config/discord/0.0.54/modules/pending/discord_krisp-2.zip: 39%
2024-06-01T19:48:29.895Z [Modules] Streaming discord_krisp@2 to /home/cv-rishi/.config/discord/0.0.54/modules/pending/discord_krisp-2.zip: 40%
2024-06-01T19:48:29.906Z [Modules] Streaming discord_krisp@2 to /home/cv-rishi/.config/discord/0.0.54/modules/pending/discord_krisp-2.zip: 41%
2024-06-01T19:48:29.914Z [Modules] Streaming discord_krisp@2 to /home/cv-rishi/.config/discord/0.0.54/modules/pending/discord_krisp-2.zip: 42%
2024-06-01T19:48:30.216Z [Modules] Streaming discord_krisp@2 to /home/cv-rishi/.config/discord/0.0.54/modules/pending/discord_krisp-2.zip: 43%
2024-06-01T19:48:30.275Z [Modules] Streaming discord_krisp@2 to /home/cv-rishi/.config/discord/0.0.54/modules/pending/discord_krisp-2.zip: 44%
2024-06-01T19:48:30.279Z [Modules] Streaming discord_krisp@2 to /home/cv-rishi/.config/discord/0.0.54/modules/pending/discord_krisp-2.zip: 45%
2024-06-01T19:48:30.282Z [Modules] Streaming discord_krisp@2 to /home/cv-rishi/.config/discord/0.0.54/modules/pending/discord_krisp-2.zip: 46%
2024-06-01T19:48:30.501Z [Modules] Streaming discord_krisp@2 to /home/cv-rishi/.config/discord/0.0.54/modules/pending/discord_krisp-2.zip: 47%
2024-06-01T19:48:30.504Z [Modules] Streaming discord_krisp@2 to /home/cv-rishi/.config/discord/0.0.54/modules/pending/discord_krisp-2.zip: 48%
2024-06-01T19:48:30.506Z [Modules] Streaming discord_krisp@2 to /home/cv-rishi/.config/discord/0.0.54/modules/pending/discord_krisp-2.zip: 49%
2024-06-01T19:48:30.587Z [Modules] Streaming discord_krisp@2 to /home/cv-rishi/.config/discord/0.0.54/modules/pending/discord_krisp-2.zip: 50%
2024-06-01T19:48:30.652Z [Modules] Streaming discord_krisp@2 to /home/cv-rishi/.config/discord/0.0.54/modules/pending/discord_krisp-2.zip: 51%
2024-06-01T19:48:30.896Z [Modules] Streaming discord_krisp@2 to /home/cv-rishi/.config/discord/0.0.54/modules/pending/discord_krisp-2.zip: 52%
2024-06-01T19:48:30.901Z [Modules] Streaming discord_krisp@2 to /home/cv-rishi/.config/discord/0.0.54/modules/pending/discord_krisp-2.zip: 53%
2024-06-01T19:48:31.209Z [Modules] Streaming discord_krisp@2 to /home/cv-rishi/.config/discord/0.0.54/modules/pending/discord_krisp-2.zip: 54%
2024-06-01T19:48:31.212Z [Modules] Streaming discord_krisp@2 to /home/cv-rishi/.config/discord/0.0.54/modules/pending/discord_krisp-2.zip: 55%
2024-06-01T19:48:31.278Z [Modules] Streaming discord_krisp@2 to /home/cv-rishi/.config/discord/0.0.54/modules/pending/discord_krisp-2.zip: 56%
2024-06-01T19:48:31.279Z [Modules] Streaming discord_krisp@2 to /home/cv-rishi/.config/discord/0.0.54/modules/pending/discord_krisp-2.zip: 57%
2024-06-01T19:48:31.280Z [Modules] Streaming discord_krisp@2 to /home/cv-rishi/.config/discord/0.0.54/modules/pending/discord_krisp-2.zip: 58%
2024-06-01T19:48:31.351Z [Modules] Streaming discord_krisp@2 to /home/cv-rishi/.config/discord/0.0.54/modules/pending/discord_krisp-2.zip: 59%
2024-06-01T19:48:31.372Z [Modules] Streaming discord_krisp@2 to /home/cv-rishi/.config/discord/0.0.54/modules/pending/discord_krisp-2.zip: 60%
2024-06-01T19:48:31.844Z [Modules] Streaming discord_krisp@2 to /home/cv-rishi/.config/discord/0.0.54/modules/pending/discord_krisp-2.zip: 61%
2024-06-01T19:48:32.048Z [Modules] Streaming discord_krisp@2 to /home/cv-rishi/.config/discord/0.0.54/modules/pending/discord_krisp-2.zip: 62%
2024-06-01T19:48:32.558Z [Modules] Streaming discord_krisp@2 to /home/cv-rishi/.config/discord/0.0.54/modules/pending/discord_krisp-2.zip: 63%
2024-06-01T19:48:32.559Z [Modules] Streaming discord_krisp@2 to /home/cv-rishi/.config/discord/0.0.54/modules/pending/discord_krisp-2.zip: 64%
2024-06-01T19:48:32.763Z [Modules] Streaming discord_krisp@2 to /home/cv-rishi/.config/discord/0.0.54/modules/pending/discord_krisp-2.zip: 65%
2024-06-01T19:48:32.764Z [Modules] Streaming discord_krisp@2 to /home/cv-rishi/.config/discord/0.0.54/modules/pending/discord_krisp-2.zip: 66%
2024-06-01T19:48:32.764Z [Modules] Streaming discord_krisp@2 to /home/cv-rishi/.config/discord/0.0.54/modules/pending/discord_krisp-2.zip: 67%
2024-06-01T19:48:33.172Z [Modules] Streaming discord_krisp@2 to /home/cv-rishi/.config/discord/0.0.54/modules/pending/discord_krisp-2.zip: 68%
2024-06-01T19:48:33.172Z [Modules] Streaming discord_krisp@2 to /home/cv-rishi/.config/discord/0.0.54/modules/pending/discord_krisp-2.zip: 69%
2024-06-01T19:48:33.174Z [Modules] Streaming discord_krisp@2 to /home/cv-rishi/.config/discord/0.0.54/modules/pending/discord_krisp-2.zip: 70%
2024-06-01T19:48:33.457Z [Modules] Streaming discord_krisp@2 to /home/cv-rishi/.config/discord/0.0.54/modules/pending/discord_krisp-2.zip: 71%
2024-06-01T19:48:33.458Z [Modules] Streaming discord_krisp@2 to /home/cv-rishi/.config/discord/0.0.54/modules/pending/discord_krisp-2.zip: 72%
2024-06-01T19:48:33.685Z [Modules] Streaming discord_krisp@2 to /home/cv-rishi/.config/discord/0.0.54/modules/pending/discord_krisp-2.zip: 73%
2024-06-01T19:48:33.690Z [Modules] Streaming discord_krisp@2 to /home/cv-rishi/.config/discord/0.0.54/modules/pending/discord_krisp-2.zip: 74%
2024-06-01T19:48:34.401Z [Modules] Streaming discord_krisp@2 to /home/cv-rishi/.config/discord/0.0.54/modules/pending/discord_krisp-2.zip: 75%
2024-06-01T19:48:34.401Z [Modules] Streaming discord_krisp@2 to /home/cv-rishi/.config/discord/0.0.54/modules/pending/discord_krisp-2.zip: 76%
2024-06-01T19:48:34.402Z [Modules] Streaming discord_krisp@2 to /home/cv-rishi/.config/discord/0.0.54/modules/pending/discord_krisp-2.zip: 77%
2024-06-01T19:48:34.402Z [Modules] Streaming discord_krisp@2 to /home/cv-rishi/.config/discord/0.0.54/modules/pending/discord_krisp-2.zip: 78%
2024-06-01T19:48:34.721Z [Modules] Streaming discord_krisp@2 to /home/cv-rishi/.config/discord/0.0.54/modules/pending/discord_krisp-2.zip: 79%
2024-06-01T19:48:34.722Z [Modules] Streaming discord_krisp@2 to /home/cv-rishi/.config/discord/0.0.54/modules/pending/discord_krisp-2.zip: 80%
2024-06-01T19:48:34.722Z [Modules] Streaming discord_krisp@2 to /home/cv-rishi/.config/discord/0.0.54/modules/pending/discord_krisp-2.zip: 81%
2024-06-01T19:48:34.927Z [Modules] Streaming discord_krisp@2 to /home/cv-rishi/.config/discord/0.0.54/modules/pending/discord_krisp-2.zip: 82%
2024-06-01T19:48:35.281Z [Modules] Streaming discord_krisp@2 to /home/cv-rishi/.config/discord/0.0.54/modules/pending/discord_krisp-2.zip: 83%
2024-06-01T19:48:35.629Z [Modules] Streaming discord_krisp@2 to /home/cv-rishi/.config/discord/0.0.54/modules/pending/discord_krisp-2.zip: 84%
2024-06-01T19:48:35.631Z [Modules] Streaming discord_krisp@2 to /home/cv-rishi/.config/discord/0.0.54/modules/pending/discord_krisp-2.zip: 85%
2024-06-01T19:48:35.632Z [Modules] Streaming discord_krisp@2 to /home/cv-rishi/.config/discord/0.0.54/modules/pending/discord_krisp-2.zip: 86%
2024-06-01T19:48:35.639Z [Modules] Streaming discord_krisp@2 to /home/cv-rishi/.config/discord/0.0.54/modules/pending/discord_krisp-2.zip: 87%
2024-06-01T19:48:36.039Z [Modules] Streaming discord_krisp@2 to /home/cv-rishi/.config/discord/0.0.54/modules/pending/discord_krisp-2.zip: 88%
2024-06-01T19:48:36.040Z [Modules] Streaming discord_krisp@2 to /home/cv-rishi/.config/discord/0.0.54/modules/pending/discord_krisp-2.zip: 89%
2024-06-01T19:48:36.042Z [Modules] Streaming discord_krisp@2 to /home/cv-rishi/.config/discord/0.0.54/modules/pending/discord_krisp-2.zip: 90%
2024-06-01T19:48:36.194Z [Modules] Streaming discord_krisp@2 to /home/cv-rishi/.config/discord/0.0.54/modules/pending/discord_krisp-2.zip: 91%
2024-06-01T19:48:36.550Z [Modules] Streaming discord_krisp@2 to /home/cv-rishi/.config/discord/0.0.54/modules/pending/discord_krisp-2.zip: 92%
2024-06-01T19:48:36.551Z [Modules] Streaming discord_krisp@2 to /home/cv-rishi/.config/discord/0.0.54/modules/pending/discord_krisp-2.zip: 93%
2024-06-01T19:48:36.755Z [Modules] Streaming discord_krisp@2 to /home/cv-rishi/.config/discord/0.0.54/modules/pending/discord_krisp-2.zip: 94%
2024-06-01T19:48:37.170Z [Modules] Streaming discord_krisp@2 to /home/cv-rishi/.config/discord/0.0.54/modules/pending/discord_krisp-2.zip: 95%
2024-06-01T19:48:37.174Z [Modules] Streaming discord_krisp@2 to /home/cv-rishi/.config/discord/0.0.54/modules/pending/discord_krisp-2.zip: 96%
2024-06-01T19:48:37.574Z [Modules] Streaming discord_krisp@2 to /home/cv-rishi/.config/discord/0.0.54/modules/pending/discord_krisp-2.zip: 97%
2024-06-01T19:48:37.577Z [Modules] Streaming discord_krisp@2 to /home/cv-rishi/.config/discord/0.0.54/modules/pending/discord_krisp-2.zip: 98%
2024-06-01T19:48:37.982Z [Modules] Streaming discord_krisp@2 to /home/cv-rishi/.config/discord/0.0.54/modules/pending/discord_krisp-2.zip: 99%
2024-06-01T19:48:38.143Z [Modules] Streaming discord_krisp@2 to /home/cv-rishi/.config/discord/0.0.54/modules/pending/discord_krisp-2.zip: 100%
2024-06-01T19:48:38.146Z [Modules] Fetching discord_game_utils@1 from https://discord.com/api/modules/stable/discord_game_utils/1
2024-06-01T19:48:38.146Z [Modules] Streaming discord_game_utils@1 to /home/cv-rishi/.config/discord/0.0.54/modules/pending/discord_game_utils-1.zip
2024-06-01T19:48:38.146Z [Modules] Installing discord_krisp@2 from /home/cv-rishi/.config/discord/0.0.54/modules/pending/discord_krisp-2.zip
2024-06-01T19:48:38.361Z [Modules] Finished module installations. [success: 1] [failure: 0]
2024-06-01T19:48:38.785Z [Modules] Streaming discord_game_utils@1 to /home/cv-rishi/.config/discord/0.0.54/modules/pending/discord_game_utils-1.zip: 2%
2024-06-01T19:48:38.786Z [Modules] Streaming discord_game_utils@1 to /home/cv-rishi/.config/discord/0.0.54/modules/pending/discord_game_utils-1.zip: 3%
2024-06-01T19:48:38.787Z [Modules] Streaming discord_game_utils@1 to /home/cv-rishi/.config/discord/0.0.54/modules/pending/discord_game_utils-1.zip: 4%
2024-06-01T19:48:39.110Z [Modules] Streaming discord_game_utils@1 to /home/cv-rishi/.config/discord/0.0.54/modules/pending/discord_game_utils-1.zip: 6%
2024-06-01T19:48:39.140Z [Modules] Streaming discord_game_utils@1 to /home/cv-rishi/.config/discord/0.0.54/modules/pending/discord_game_utils-1.zip: 7%
2024-06-01T19:48:39.142Z [Modules] Streaming discord_game_utils@1 to /home/cv-rishi/.config/discord/0.0.54/modules/pending/discord_game_utils-1.zip: 10%
2024-06-01T19:48:39.145Z [Modules] Streaming discord_game_utils@1 to /home/cv-rishi/.config/discord/0.0.54/modules/pending/discord_game_utils-1.zip: 12%
2024-06-01T19:48:39.159Z [Modules] Streaming discord_game_utils@1 to /home/cv-rishi/.config/discord/0.0.54/modules/pending/discord_game_utils-1.zip: 13%
2024-06-01T19:48:39.162Z [Modules] Streaming discord_game_utils@1 to /home/cv-rishi/.config/discord/0.0.54/modules/pending/discord_game_utils-1.zip: 15%
2024-06-01T19:48:39.165Z [Modules] Streaming discord_game_utils@1 to /home/cv-rishi/.config/discord/0.0.54/modules/pending/discord_game_utils-1.zip: 17%
2024-06-01T19:48:39.167Z [Modules] Streaming discord_game_utils@1 to /home/cv-rishi/.config/discord/0.0.54/modules/pending/discord_game_utils-1.zip: 18%
2024-06-01T19:48:39.170Z [Modules] Streaming discord_game_utils@1 to /home/cv-rishi/.config/discord/0.0.54/modules/pending/discord_game_utils-1.zip: 19%
2024-06-01T19:48:39.495Z [Modules] Streaming discord_game_utils@1 to /home/cv-rishi/.config/discord/0.0.54/modules/pending/discord_game_utils-1.zip: 22%
2024-06-01T19:48:39.497Z [Modules] Streaming discord_game_utils@1 to /home/cv-rishi/.config/discord/0.0.54/modules/pending/discord_game_utils-1.zip: 25%
2024-06-01T19:48:39.497Z [Modules] Streaming discord_game_utils@1 to /home/cv-rishi/.config/discord/0.0.54/modules/pending/discord_game_utils-1.zip: 30%
2024-06-01T19:48:39.498Z [Modules] Streaming discord_game_utils@1 to /home/cv-rishi/.config/discord/0.0.54/modules/pending/discord_game_utils-1.zip: 33%
2024-06-01T19:48:39.724Z [Modules] Streaming discord_game_utils@1 to /home/cv-rishi/.config/discord/0.0.54/modules/pending/discord_game_utils-1.zip: 35%
2024-06-01T19:48:39.725Z [Modules] Streaming discord_game_utils@1 to /home/cv-rishi/.config/discord/0.0.54/modules/pending/discord_game_utils-1.zip: 39%
2024-06-01T19:48:39.726Z [Modules] Streaming discord_game_utils@1 to /home/cv-rishi/.config/discord/0.0.54/modules/pending/discord_game_utils-1.zip: 41%
2024-06-01T19:48:39.726Z [Modules] Streaming discord_game_utils@1 to /home/cv-rishi/.config/discord/0.0.54/modules/pending/discord_game_utils-1.zip: 44%
2024-06-01T19:48:39.726Z [Modules] Streaming discord_game_utils@1 to /home/cv-rishi/.config/discord/0.0.54/modules/pending/discord_game_utils-1.zip: 49%
2024-06-01T19:48:39.727Z [Modules] Streaming discord_game_utils@1 to /home/cv-rishi/.config/discord/0.0.54/modules/pending/discord_game_utils-1.zip: 51%
2024-06-01T19:48:39.727Z [Modules] Streaming discord_game_utils@1 to /home/cv-rishi/.config/discord/0.0.54/modules/pending/discord_game_utils-1.zip: 53%
2024-06-01T19:48:39.805Z [Modules] Streaming discord_game_utils@1 to /home/cv-rishi/.config/discord/0.0.54/modules/pending/discord_game_utils-1.zip: 55%
2024-06-01T19:48:39.807Z [Modules] Streaming discord_game_utils@1 to /home/cv-rishi/.config/discord/0.0.54/modules/pending/discord_game_utils-1.zip: 62%
2024-06-01T19:48:39.808Z [Modules] Streaming discord_game_utils@1 to /home/cv-rishi/.config/discord/0.0.54/modules/pending/discord_game_utils-1.zip: 67%
2024-06-01T19:48:39.809Z [Modules] Streaming discord_game_utils@1 to /home/cv-rishi/.config/discord/0.0.54/modules/pending/discord_game_utils-1.zip: 75%
2024-06-01T19:48:39.809Z [Modules] Streaming discord_game_utils@1 to /home/cv-rishi/.config/discord/0.0.54/modules/pending/discord_game_utils-1.zip: 82%
2024-06-01T19:48:39.810Z [Modules] Streaming discord_game_utils@1 to /home/cv-rishi/.config/discord/0.0.54/modules/pending/discord_game_utils-1.zip: 86%
2024-06-01T19:48:39.993Z [Modules] Streaming discord_game_utils@1 to /home/cv-rishi/.config/discord/0.0.54/modules/pending/discord_game_utils-1.zip: 89%
2024-06-01T19:48:39.994Z [Modules] Streaming discord_game_utils@1 to /home/cv-rishi/.config/discord/0.0.54/modules/pending/discord_game_utils-1.zip: 92%
2024-06-01T19:48:40.220Z [Modules] Streaming discord_game_utils@1 to /home/cv-rishi/.config/discord/0.0.54/modules/pending/discord_game_utils-1.zip: 95%
2024-06-01T19:48:40.223Z [Modules] Streaming discord_game_utils@1 to /home/cv-rishi/.config/discord/0.0.54/modules/pending/discord_game_utils-1.zip: 97%
2024-06-01T19:48:40.226Z [Modules] Streaming discord_game_utils@1 to /home/cv-rishi/.config/discord/0.0.54/modules/pending/discord_game_utils-1.zip: 100%
2024-06-01T19:48:40.227Z [Modules] Fetching discord_rpc@1 from https://discord.com/api/modules/stable/discord_rpc/1
2024-06-01T19:48:40.227Z [Modules] Streaming discord_rpc@1 to /home/cv-rishi/.config/discord/0.0.54/modules/pending/discord_rpc-1.zip
2024-06-01T19:48:40.227Z [Modules] Installing discord_game_utils@1 from /home/cv-rishi/.config/discord/0.0.54/modules/pending/discord_game_utils-1.zip
2024-06-01T19:48:40.265Z [Modules] Finished module installations. [success: 1] [failure: 0]
2024-06-01T19:48:40.849Z [Modules] Streaming discord_rpc@1 to /home/cv-rishi/.config/discord/0.0.54/modules/pending/discord_rpc-1.zip: 100%
2024-06-01T19:48:40.850Z [Modules] Finished module downloads. [success: 3] [failure: 0]
2024-06-01T19:48:40.850Z [Modules] Installing discord_rpc@1 from /home/cv-rishi/.config/discord/0.0.54/modules/pending/discord_rpc-1.zip
2024-06-01T19:48:40.863Z [Modules] Finished module installations. [success: 1] [failure: 0]
