 
New instance of bashtop version: 0.9.25 Pid: 106484
 
New instance of bashtop version: 0.9.25 Pid: 107316
 
New instance of bashtop version: 0.9.25 Pid: 110145
 
New instance of bashtop version: 0.9.25 Pid: 110731
 
New instance of bashtop version: 0.9.25 Pid: 112107
 
New instance of bashtop version: 0.9.25 Pid: 124744
 
New instance of bashtop version: 0.9.25 Pid: 124843
/usr/bin/bashtop: line 4806: ${pycoproc[1]}: ambiguous redirect
 
New instance of bashtop version: 0.9.25 Pid: 126355
 
New instance of bashtop version: 0.9.25 Pid: 129161
12:50:30 PM ERROR: On line 1887 
12:50:30 PM ERROR: On line 1887 (MUTED!)
 
New instance of bashtop version: 0.9.25 Pid: 133451
 
New instance of bashtop version: 0.9.25 Pid: 136602
 
New instance of bashtop version: 0.9.25 Pid: 156554
 
New instance of bashtop version: 0.9.25 Pid: 169152
 
New instance of bashtop version: 0.9.25 Pid: 10928
 
New instance of bashtop version: 0.9.25 Pid: 18688
 
New instance of bashtop version: 0.9.25 Pid: 18889
 
New instance of bashtop version: 0.9.25 Pid: 18922
 
New instance of bashtop version: 0.9.25 Pid: 36824
 
New instance of bashtop version: 0.9.25 Pid: 37267
 
New instance of bashtop version: 0.9.25 Pid: 19586
 
New instance of bashtop version: 0.9.25 Pid: 19697
 
New instance of bashtop version: 0.9.25 Pid: 8892
 
New instance of bashtop version: 0.9.25 Pid: 8968
 
New instance of bashtop version: 0.9.25 Pid: 48341
 
New instance of bashtop version: 0.9.25 Pid: 69015
 
New instance of bashtop version: 0.9.25 Pid: 72594
 
New instance of bashtop version: 0.9.25 Pid: 72889
 
New instance of bashtop version: 0.9.25 Pid: 96442
 
New instance of bashtop version: 0.9.25 Pid: 127189
 
New instance of bashtop version: 0.9.25 Pid: 10608
 
New instance of bashtop version: 0.9.25 Pid: 29780
 
New instance of bashtop version: 0.9.25 Pid: 29804
 
New instance of bashtop version: 0.9.25 Pid: 60375
 
New instance of bashtop version: 0.9.25 Pid: 60785
 
New instance of bashtop version: 0.9.25 Pid: 231336
 
New instance of bashtop version: 0.9.25 Pid: 15430
 
New instance of bashtop version: 0.9.25 Pid: 27086
 
New instance of bashtop version: 0.9.25 Pid: 4841
 
New instance of bashtop version: 0.9.25 Pid: 21078
 
New instance of bashtop version: 0.9.25 Pid: 5266
 
New instance of bashtop version: 0.9.25 Pid: 59545
 
New instance of bashtop version: 0.9.25 Pid: 84114
 
New instance of bashtop version: 0.9.25 Pid: 6059
 
New instance of bashtop version: 0.9.25 Pid: 3675
 
New instance of bashtop version: 0.9.25 Pid: 68969
 
New instance of bashtop version: 0.9.25 Pid: 81384
 
New instance of bashtop version: 0.9.25 Pid: 90447
 
New instance of bashtop version: 0.9.25 Pid: 18460
/usr/bin/bashtop: line 4817: ${pycoproc[1]}: ambiguous redirect
/usr/bin/bashtop: line 4820: read: -t: invalid file descriptor specification
/usr/bin/bashtop: line 4817: ${pycoproc[1]}: ambiguous redirect
/usr/bin/bashtop: line 4820: read: -t: invalid file descriptor specification
/usr/bin/bashtop: line 4806: ${pycoproc[1]}: ambiguous redirect
 
New instance of bashtop version: 0.9.25 Pid: 18548
 
New instance of bashtop version: 0.9.25 Pid: 34240
 
New instance of bashtop version: 0.9.25 Pid: 17514
 
New instance of bashtop version: 0.9.25 Pid: 25567
 
New instance of bashtop version: 0.9.25 Pid: 33207
 
New instance of bashtop version: 0.9.25 Pid: 8867
 
New instance of bashtop version: 0.9.25 Pid: 110088
 
New instance of bashtop version: 0.9.25 Pid: 110865
 
New instance of bashtop version: 0.9.25 Pid: 65442
 
New instance of bashtop version: 0.9.25 Pid: 23021
 
New instance of bashtop version: 0.9.25 Pid: 93274
 
New instance of bashtop version: 0.9.25 Pid: 95510
 
New instance of bashtop version: 0.9.25 Pid: 103060
 
New instance of bashtop version: 0.9.25 Pid: 62128
 
New instance of bashtop version: 0.9.25 Pid: 1466441
 
New instance of bashtop version: 0.9.25 Pid: 20937
 
New instance of bashtop version: 0.9.25 Pid: 71107
 
New instance of bashtop version: 0.9.25 Pid: 127932
 
New instance of bashtop version: 0.9.25 Pid: 8873
 
New instance of bashtop version: 0.9.25 Pid: 15870
 
New instance of bashtop version: 0.9.25 Pid: 114648
 
New instance of bashtop version: 0.9.25 Pid: 14226
 
New instance of bashtop version: 0.9.25 Pid: 21413
 
New instance of bashtop version: 0.9.25 Pid: 13669
 
New instance of bashtop version: 0.9.25 Pid: 71133
 
New instance of bashtop version: 0.9.25 Pid: 74586
 
New instance of bashtop version: 0.9.25 Pid: 75788
 
New instance of bashtop version: 0.9.25 Pid: 3418
 
New instance of bashtop version: 0.9.25 Pid: 29289
 
New instance of bashtop version: 0.9.25 Pid: 10312
 
New instance of bashtop version: 0.9.25 Pid: 312538
 
New instance of bashtop version: 0.9.25 Pid: 346076
 
New instance of bashtop version: 0.9.25 Pid: 346077
 
New instance of bashtop version: 0.9.25 Pid: 5927
 
New instance of bashtop version: 0.9.25 Pid: 3731
 
New instance of bashtop version: 0.9.25 Pid: 69087
/usr/bin/bashtop: line 1337: ((: rke    1 root      0.0        0.0 : syntax error in expression (error token is "1 root      0.0        0.0 ")
/usr/bin/bashtop: line 1347: ((: rke    1 root      0.0        0.0 : syntax error in expression (error token is "1 root      0.0        0.0 ")
/usr/bin/bashtop: line 1353: ((: rke    1 root      0.0        0.0 : syntax error in expression (error token is "1 root      0.0        0.0 ")
/usr/bin/bashtop: line 1334: ((: rke    1 root      0.0        0.0 : syntax error in expression (error token is "1 root      0.0        0.0 ")
/usr/bin/bashtop: line 1347: ((: rke    1 root      0.0        0.0 : syntax error in expression (error token is "1 root      0.0        0.0 ")
/usr/bin/bashtop: line 1353: ((: rke    1 root      0.0        0.0 : syntax error in expression (error token is "1 root      0.0        0.0 ")
/usr/bin/bashtop: line 1334: ((: rke    1 root      0.0        0.0 : syntax error in expression (error token is "1 root      0.0        0.0 ")
/usr/bin/bashtop: line 3037: rke    1 root      0.0        0.0 : syntax error in expression (error token is "1 root      0.0        0.0 ")
 
New instance of bashtop version: 0.9.25 Pid: 746258
 
New instance of bashtop version: 0.9.25 Pid: 64267
 
New instance of bashtop version: 0.9.25 Pid: 138774
 
New instance of bashtop version: 0.9.25 Pid: 1060244
